Component: ARM Compiler 5.06 update 7 (build 960) Tool: armlink [4d3601]

==============================================================================

Section Cross References

    startup_stm32f405xx.o(STACK) refers (Special) to heapauxi.o(.text) for __use_two_region_memory
    startup_stm32f405xx.o(HEAP) refers (Special) to heapauxi.o(.text) for __use_two_region_memory
    startup_stm32f405xx.o(RESET) refers (Special) to heapauxi.o(.text) for __use_two_region_memory
    startup_stm32f405xx.o(RESET) refers to startup_stm32f405xx.o(STACK) for __initial_sp
    startup_stm32f405xx.o(RESET) refers to startup_stm32f405xx.o(.text) for Reset_Handler
    startup_stm32f405xx.o(RESET) refers to stm32f4xx_it.o(i.NMI_Handler) for NMI_Handler
    startup_stm32f405xx.o(RESET) refers to context_rvds.o(.text) for HardFault_Handler
    startup_stm32f405xx.o(RESET) refers to stm32f4xx_it.o(i.MemManage_Handler) for MemManage_Handler
    startup_stm32f405xx.o(RESET) refers to stm32f4xx_it.o(i.BusFault_Handler) for BusFault_Handler
    startup_stm32f405xx.o(RESET) refers to stm32f4xx_it.o(i.UsageFault_Handler) for UsageFault_Handler
    startup_stm32f405xx.o(RESET) refers to stm32f4xx_it.o(i.DebugMon_Handler) for DebugMon_Handler
    startup_stm32f405xx.o(RESET) refers to board.o(i.SysTick_Handler) for SysTick_Handler
    startup_stm32f405xx.o(RESET) refers to stm32f4xx_it.o(i.CAN1_TX_IRQHandler) for CAN1_TX_IRQHandler
    startup_stm32f405xx.o(RESET) refers to stm32f4xx_it.o(i.CAN1_RX0_IRQHandler) for CAN1_RX0_IRQHandler
    startup_stm32f405xx.o(RESET) refers to stm32f4xx_it.o(i.TIM4_IRQHandler) for TIM4_IRQHandler
    startup_stm32f405xx.o(RESET) refers to drv_gps.o(i.USART3_IRQHandler) for USART3_IRQHandler
    startup_stm32f405xx.o(RESET) refers to stm32f4xx_it.o(i.CAN2_TX_IRQHandler) for CAN2_TX_IRQHandler
    startup_stm32f405xx.o(RESET) refers to stm32f4xx_it.o(i.CAN2_RX0_IRQHandler) for CAN2_RX0_IRQHandler
    startup_stm32f405xx.o(.text) refers (Special) to heapauxi.o(.text) for __use_two_region_memory
    startup_stm32f405xx.o(.text) refers to system_stm32f4xx.o(i.SystemInit) for SystemInit
    startup_stm32f405xx.o(.text) refers to __main.o(!!!main) for __main
    startup_stm32f405xx.o(.text) refers to startup_stm32f405xx.o(HEAP) for Heap_Mem
    startup_stm32f405xx.o(.text) refers to startup_stm32f405xx.o(STACK) for Stack_Mem
    main.o(i.HAL_TIM_PeriodElapsedCallback) refers to stm32f4xx_hal.o(i.HAL_IncTick) for HAL_IncTick
    main.o(i.SystemClock_Config) refers to rt_memclr_w.o(.text) for __aeabi_memclr4
    main.o(i.SystemClock_Config) refers to stm32f4xx_hal_rcc.o(i.HAL_RCC_OscConfig) for HAL_RCC_OscConfig
    main.o(i.SystemClock_Config) refers to stm32f4xx_hal_rcc.o(i.HAL_RCC_ClockConfig) for HAL_RCC_ClockConfig
    main.o(i.main) refers to stm32f4xx_hal.o(i.HAL_Init) for HAL_Init
    main.o(i.main) refers to main.o(i.SystemClock_Config) for SystemClock_Config
    main.o(i.main) refers to gpio.o(i.MX_GPIO_Init) for MX_GPIO_Init
    main.o(i.main) refers to can.o(i.MX_CAN1_Init) for MX_CAN1_Init
    main.o(i.main) refers to can.o(i.MX_CAN2_Init) for MX_CAN2_Init
    main.o(i.main) refers to rtc.o(i.MX_RTC_Init) for MX_RTC_Init
    main.o(i.main) refers to spi.o(i.MX_SPI1_Init) for MX_SPI1_Init
    main.o(i.main) refers to spi.o(i.MX_SPI2_Init) for MX_SPI2_Init
    main.o(i.main) refers to usart.o(i.MX_USART1_UART_Init) for MX_USART1_UART_Init
    main.o(i.main) refers to usart.o(i.MX_USART2_UART_Init) for MX_USART2_UART_Init
    main.o(i.main) refers to usart.o(i.MX_USART3_UART_Init) for MX_USART3_UART_Init
    main.o(i.main) refers to usb_otg.o(i.MX_USB_OTG_FS_PCD_Init) for MX_USB_OTG_FS_PCD_Init
    main.o(i.main) refers to app_rt_thread.o(i.MX_RT_Thread_Init) for MX_RT_Thread_Init
    stm32f4xx_it.o(i.CAN1_RX0_IRQHandler) refers to stm32f4xx_hal_can.o(i.HAL_CAN_IRQHandler) for HAL_CAN_IRQHandler
    stm32f4xx_it.o(i.CAN1_RX0_IRQHandler) refers to can.o(.bss) for hcan1
    stm32f4xx_it.o(i.CAN1_TX_IRQHandler) refers to stm32f4xx_hal_can.o(i.HAL_CAN_IRQHandler) for HAL_CAN_IRQHandler
    stm32f4xx_it.o(i.CAN1_TX_IRQHandler) refers to can.o(.bss) for hcan1
    stm32f4xx_it.o(i.CAN2_RX0_IRQHandler) refers to stm32f4xx_hal_can.o(i.HAL_CAN_IRQHandler) for HAL_CAN_IRQHandler
    stm32f4xx_it.o(i.CAN2_RX0_IRQHandler) refers to can.o(.bss) for hcan2
    stm32f4xx_it.o(i.CAN2_TX_IRQHandler) refers to stm32f4xx_hal_can.o(i.HAL_CAN_IRQHandler) for HAL_CAN_IRQHandler
    stm32f4xx_it.o(i.CAN2_TX_IRQHandler) refers to can.o(.bss) for hcan2
    stm32f4xx_it.o(i.TIM4_IRQHandler) refers to stm32f4xx_hal_tim.o(i.HAL_TIM_IRQHandler) for HAL_TIM_IRQHandler
    stm32f4xx_it.o(i.TIM4_IRQHandler) refers to stm32f4xx_hal_timebase_tim.o(.bss) for htim4
    stm32f4xx_hal_timebase_tim.o(i.HAL_InitTick) refers to stm32f4xx_hal_rcc.o(i.HAL_RCC_GetClockConfig) for HAL_RCC_GetClockConfig
    stm32f4xx_hal_timebase_tim.o(i.HAL_InitTick) refers to stm32f4xx_hal_rcc.o(i.HAL_RCC_GetPCLK1Freq) for HAL_RCC_GetPCLK1Freq
[...]
    TIM2_IRQHandler                          0x08020253   Thumb Code     0  startup_stm32f405xx.o(.text)
    TIM3_IRQHandler                          0x08020253   Thumb Code     0  startup_stm32f405xx.o(.text)
    TIM5_IRQHandler                          0x08020253   Thumb Code     0  startup_stm32f405xx.o(.text)
    TIM6_DAC_IRQHandler                      0x08020253   Thumb Code     0  startup_stm32f405xx.o(.text)
    TIM7_IRQHandler                          0x08020253   Thumb Code     0  startup_stm32f405xx.o(.text)
    TIM8_BRK_TIM12_IRQHandler                0x08020253   Thumb Code     0  startup_stm32f405xx.o(.text)
    TIM8_CC_IRQHandler                       0x08020253   Thumb Code     0  startup_stm32f405xx.o(.text)
    TIM8_TRG_COM_TIM14_IRQHandler            0x08020253   Thumb Code     0  startup_stm32f405xx.o(.text)
    TIM8_UP_TIM13_IRQHandler                 0x08020253   Thumb Code     0  startup_stm32f405xx.o(.text)
    UART4_IRQHandler                         0x08020253   Thumb Code     0  startup_stm32f405xx.o(.text)
    UART5_IRQHandler                         0x08020253   Thumb Code     0  startup_stm32f405xx.o(.text)
    USART1_IRQHandler                        0x08020253   Thumb Code     0  startup_stm32f405xx.o(.text)
    USART2_IRQHandler                        0x08020253   Thumb Code     0  startup_stm32f405xx.o(.text)
    USART6_IRQHandler                        0x08020253   Thumb Code     0  startup_stm32f405xx.o(.text)
    WWDG_IRQHandler                          0x08020253   Thumb Code     0  startup_stm32f405xx.o(.text)
    __user_initial_stackheap                 0x08020255   Thumb Code     0  startup_stm32f405xx.o(.text)
    rt_hw_interrupt_disable                  0x08020279   Thumb Code     8  context_rvds.o(.text)
    rt_hw_interrupt_enable                   0x08020281   Thumb Code     6  context_rvds.o(.text)
    rt_hw_context_switch                     0x08020287   Thumb Code    32  context_rvds.o(.text)
    rt_hw_context_switch_interrupt           0x08020287   Thumb Code     0  context_rvds.o(.text)
    PendSV_Handler                           0x080202a7   Thumb Code   108  context_rvds.o(.text)
    rt_hw_context_switch_to                  0x08020313   Thumb Code    68  context_rvds.o(.text)
    rt_hw_interrupt_thread_switch            0x08020357   Thumb Code     2  context_rvds.o(.text)
    HardFault_Handler                        0x08020359   Thumb Code    56  context_rvds.o(.text)
    __aeabi_uldivmod                         0x080203ad   Thumb Code     0  lludivv7m.o(.text)
    _ll_udiv                                 0x080203ad   Thumb Code   238  lludivv7m.o(.text)
    __0sscanf                                0x0802049d   Thumb Code    52  __0sscanf.o(.text)
    _scanf_int                               0x080204d9   Thumb Code   332  _scanf_int.o(.text)
    strcpy                                   0x08020625   Thumb Code    72  strcpy.o(.text)
    strlen                                   0x0802066d   Thumb Code    62  strlen.o(.text)
    strncmp                                  0x080206ab   Thumb Code   150  strncmp.o(.text)
    strcat                                   0x08020741   Thumb Code    24  strcat.o(.text)
    __aeabi_memcpy                           0x08020759   Thumb Code     0  rt_memcpy_v6.o(.text)
    __rt_memcpy                              0x08020759   Thumb Code   138  rt_memcpy_v6.o(.text)
    _memcpy_lastbytes                        0x080207bf   Thumb Code     0  rt_memcpy_v6.o(.text)
    __aeabi_memcpy4                          0x080207e3   Thumb Code     0  rt_memcpy_w.o(.text)
    __aeabi_memcpy8                          0x080207e3   Thumb Code     0  rt_memcpy_w.o(.text)
    __rt_memcpy_w                            0x080207e3   Thumb Code   100  rt_memcpy_w.o(.text)
    _memcpy_lastbytes_aligned                0x0802082b   Thumb Code     0  rt_memcpy_w.o(.text)
    __aeabi_memclr                           0x08020847   Thumb Code     0  rt_memclr.o(.text)
    __rt_memclr                              0x08020847   Thumb Code    68  rt_memclr.o(.text)
    _memset                                  0x0802084b   Thumb Code     0  rt_memclr.o(.text)
    __aeabi_memclr4                          0x0802088b   Thumb Code     0  rt_memclr_w.o(.text)
    __aeabi_memclr8                          0x0802088b   Thumb Code     0  rt_memclr_w.o(.text)
    __rt_memclr_w                            0x0802088b   Thumb Code    78  rt_memclr_w.o(.text)
    _memset_w                                0x0802088f   Thumb Code     0  rt_memclr_w.o(.text)
    strncpy                                  0x080208d9   Thumb Code    86  strncpy.o(.text)
    __use_two_region_memory                  0x0802092f   Thumb Code     2  heapauxi.o(.text)
    __rt_heap_escrow$2region                 0x08020931   Thumb Code     2  heapauxi.o(.text)
    __rt_heap_expand$2region                 0x08020933   Thumb Code     2  heapauxi.o(.text)
    _chval                                   0x08020935   Thumb Code    28  _chval.o(.text)
    __vfscanf_char                           0x0802095d   Thumb Code    24  scanf_char.o(.text)
    _sgetc                                   0x0802097d   Thumb Code    30  _sgetc.o(.text)
    _sbackspace                              0x0802099b   Thumb Code    34  _sgetc.o(.text)
    isspace                                  0x080209bd   Thumb Code    18  isspace.o(.text)
    __vfscanf                                0x080209d1   Thumb Code   880  _scanf.o(.text)
    __user_setup_stackheap                   0x08020d45   Thumb Code    74  sys_stackheap_outer.o(.text)
    __rt_ctype_table                         0x08020d91   Thumb Code    16  rt_ctype_table.o(.text)
    exit                                     0x08020da1   Thumb Code    18  exit.o(.text)
    __user_libspace                          0x08020db5   Thumb Code     8  libspace.o(.text)
    __user_perproc_libspace                  0x08020db5   Thumb Code     0  libspace.o(.text)
    __user_perthread_libspace                0x08020db5   Thumb Code     0  libspace.o(.text)
    __rt_locale                              0x08020dbd   Thumb Code     8  rt_locale_intlibspace.o(.text)
    _sys_exit                                0x08020dc5   Thumb Code     8  sys_exit.o(.text)
    strcmp                                   0x08020dd1   Thumb Code   128  strcmpv7m.o(.text)
    __I$use$semihosting                      0x08020e51   Thumb Code     0  use_no_semi.o(.text)
    __use_no_semihosting_swi                 0x08020e51   Thumb Code     2  use_no_semi.o(.text)
    __semihosting_library_function           0x08020e53   Thumb Code     0  indicate_semi.o(.text)
    main                                     0x08020e53   Thumb Code    10  components.o(i.$Sub$$main)
    BusFault_Handler                         0x08020e5d   Thumb Code     2  stm32f4xx_it.o(i.BusFault_Handler)
    CAN1_RX0_IRQHandler                      0x08020e61   Thumb Code     6  stm32f4xx_it.o(i.CAN1_RX0_IRQHandler)
    CAN1_TX_IRQHandler                       0x08020e6d   Thumb Code     6  stm32f4xx_it.o(i.CAN1_TX_IRQHandler)
    CAN2_RX0_IRQHandler                      0x08020e79   Thumb Code     6  stm32f4xx_it.o(i.CAN2_RX0_IRQHandler)
    CAN2_TX_IRQHandler                       0x08020e85   Thumb Code     6  stm32f4xx_it.o(i.CAN2_TX_IRQHandler)
    DebugMon_Handler                         0x08020e91   Thumb Code     2  stm32f4xx_it.o(i.DebugMon_Handler)
    Error_Handler                            0x08020e93   Thumb Code     4  main.o(i.Error_Handler)
    GPS_Control                              0x08020ef5   Thumb Code     6  drv_gps.o(i.GPS_Control)
    GPS_GetData                              0x080212b5   Thumb Code   166  drv_gps.o(i.GPS_GetData)
    GPS_Open                                 0x08021365   Thumb Code     6  drv_gps.o(i.GPS_Open)
    HAL_CAN_ErrorCallback                    0x08021595   Thumb Code     2  stm32f4xx_hal_can.o(i.HAL_CAN_ErrorCallback)
    HAL_CAN_IRQHandler                       0x08021597   Thumb Code   508  stm32f4xx_hal_can.o(i.HAL_CAN_IRQHandler)
    HAL_CAN_Init                             0x08021793   Thumb Code   282  stm32f4xx_hal_can.o(i.HAL_CAN_Init)
    HAL_CAN_MspInit                          0x080218ad   Thumb Code   270  can.o(i.HAL_CAN_MspInit)
    HAL_CAN_RxFifo0FullCallback              0x080219d1   Thumb Code     2  stm32f4xx_hal_can.o(i.HAL_CAN_RxFifo0FullCallback)
    HAL_CAN_RxFifo0MsgPendingCallback        0x080219d3   Thumb Code     2  stm32f4xx_hal_can.o(i.HAL_CAN_RxFifo0MsgPendingCallback)
    HAL_CAN_RxFifo1FullCallback              0x080219d5   Thumb Code     2  stm32f4xx_hal_can.o(i.HAL_CAN_RxFifo1FullCallback)
    HAL_CAN_RxFifo1MsgPendingCallback        0x080219d7   Thumb Code     2  stm32f4xx_hal_can.o(i.HAL_CAN_RxFifo1MsgPendingCallback)
    HAL_CAN_SleepCallback                    0x080219d9   Thumb Code     2  stm32f4xx_hal_can.o(i.HAL_CAN_SleepCallback)
    HAL_CAN_TxMailbox0AbortCallback          0x080219db   Thumb Code     2  stm32f4xx_hal_can.o(i.HAL_CAN_TxMailbox0AbortCallback)
    HAL_CAN_TxMailbox0CompleteCallback       0x080219dd   Thumb Code     2  stm32f4xx_hal_can.o(i.HAL_CAN_TxMailbox0CompleteCallback)
    HAL_CAN_TxMailbox1AbortCallback          0x080219df   Thumb Code     2  stm32f4xx_hal_can.o(i.HAL_CAN_TxMailbox1AbortCallback)
    HAL_CAN_TxMailbox1CompleteCallback       0x080219e1   Thumb Code     2  stm32f4xx_hal_can.o(i.HAL_CAN_TxMailbox1CompleteCallback)
    HAL_CAN_TxMailbox2AbortCallback          0x080219e3   Thumb Code     2  stm32f4xx_hal_can.o(i.HAL_CAN_TxMailbox2AbortCallback)
    HAL_CAN_TxMailbox2CompleteCallback       0x080219e5   Thumb Code     2  stm32f4xx_hal_can.o(i.HAL_CAN_TxMailbox2CompleteCallback)
    HAL_CAN_WakeUpFromRxMsgCallback          0x080219e7   Thumb Code     2  stm32f4xx_hal_can.o(i.HAL_CAN_WakeUpFromRxMsgCallback)
    HAL_Delay                                0x080219e9   Thumb Code    32  stm32f4xx_hal.o(i.HAL_Delay)
    HAL_GPIO_DeInit                          0x08021a0d   Thumb Code   320  stm32f4xx_hal_gpio.o(i.HAL_GPIO_DeInit)
    HAL_GPIO_Init                            0x08021b75   Thumb Code   450  stm32f4xx_hal_gpio.o(i.HAL_GPIO_Init)
    HAL_GPIO_WritePin                        0x08021d65   Thumb Code    10  stm32f4xx_hal_gpio.o(i.HAL_GPIO_WritePin)
    HAL_GetTick                              0x08021d71   Thumb Code     6  stm32f4xx_hal.o(i.HAL_GetTick)
    HAL_IncTick                              0x08021d7d   Thumb Code    12  stm32f4xx_hal.o(i.HAL_IncTick)
    HAL_Init                                 0x08021d8d   Thumb Code    48  stm32f4xx_hal.o(i.HAL_Init)
    HAL_InitTick                             0x08021dc1   Thumb Code   132  stm32f4xx_hal_timebase_tim.o(i.HAL_InitTick)
    HAL_MspInit                              0x08021e59   Thumb Code    42  stm32f4xx_hal_msp.o(i.HAL_MspInit)
    HAL_NVIC_DisableIRQ                      0x08021e89   Thumb Code    34  stm32f4xx_hal_cortex.o(i.HAL_NVIC_DisableIRQ)
    HAL_NVIC_EnableIRQ                       0x08021eab   Thumb Code    26  stm32f4xx_hal_cortex.o(i.HAL_NVIC_EnableIRQ)
    HAL_NVIC_SetPriority                     0x08021ec5   Thumb Code    60  stm32f4xx_hal_cortex.o(i.HAL_NVIC_SetPriority)
    HAL_NVIC_SetPriorityGrouping             0x08021f05   Thumb Code    26  stm32f4xx_hal_cortex.o(i.HAL_NVIC_SetPriorityGrouping)
    HAL_PCD_Init                             0x08021f29   Thumb Code   226  stm32f4xx_hal_pcd.o(i.HAL_PCD_Init)
    HAL_PCD_MspInit                          0x0802200d   Thumb Code   106  usb_otg.o(i.HAL_PCD_MspInit)
    HAL_RCCEx_PeriphCLKConfig                0x08022081   Thumb Code   296  stm32f4xx_hal_rcc_ex.o(i.HAL_RCCEx_PeriphCLKConfig)
    HAL_RCC_ClockConfig                      0x080221bd   Thumb Code   288  stm32f4xx_hal_rcc.o(i.HAL_RCC_ClockConfig)
    HAL_RCC_GetClockConfig                   0x080222f1   Thumb Code    54  stm32f4xx_hal_rcc.o(i.HAL_RCC_GetClockConfig)
    HAL_RCC_GetHCLKFreq                      0x08022331   Thumb Code     6  stm32f4xx_hal_rcc.o(i.HAL_RCC_GetHCLKFreq)
    HAL_RCC_GetPCLK1Freq                     0x0802233d   Thumb Code    20  stm32f4xx_hal_rcc.o(i.HAL_RCC_GetPCLK1Freq)
    HAL_RCC_GetPCLK2Freq                     0x0802235d   Thumb Code    20  stm32f4xx_hal_rcc.o(i.HAL_RCC_GetPCLK2Freq)
    HAL_RCC_GetSysClockFreq                  0x0802237d   Thumb Code    88  stm32f4xx_hal_rcc.o(i.HAL_RCC_GetSysClockFreq)
    HAL_RCC_OscConfig                        0x080223e1   Thumb Code   856  stm32f4xx_hal_rcc.o(i.HAL_RCC_OscConfig)
    HAL_RTC_Init                             0x0802274d   Thumb Code   136  stm32f4xx_hal_rtc.o(i.HAL_RTC_Init)
    HAL_RTC_MspInit                          0x080227d9   Thumb Code    48  rtc.o(i.HAL_RTC_MspInit)
    HAL_RTC_WaitForSynchro                   0x08022811   Thumb Code    54  stm32f4xx_hal_rtc.o(i.HAL_RTC_WaitForSynchro)
    HAL_SPI_Init                             0x08022847   Thumb Code   188  stm32f4xx_hal_spi.o(i.HAL_SPI_Init)
    HAL_SPI_MspInit                          0x08022905   Thumb Code   154  spi.o(i.HAL_SPI_MspInit)
    HAL_SPI_TransmitReceive                  0x080229b5   Thumb Code   482  stm32f4xx_hal_spi.o(i.HAL_SPI_TransmitReceive)
    HAL_SYSTICK_Config                       0x08022b97   Thumb Code    40  stm32f4xx_hal_cortex.o(i.HAL_SYSTICK_Config)
    HAL_TIMEx_BreakCallback                  0x08022bbf   Thumb Code     2  stm32f4xx_hal_tim_ex.o(i.HAL_TIMEx_BreakCallback)
    HAL_TIMEx_CommutCallback                 0x08022bc1   Thumb Code     2  stm32f4xx_hal_tim_ex.o(i.HAL_TIMEx_CommutCallback)
    HAL_TIM_Base_Init                        0x08022bc3   Thumb Code    90  stm32f4xx_hal_tim.o(i.HAL_TIM_Base_Init)
    HAL_TIM_Base_MspInit                     0x08022c1d   Thumb Code     2  stm32f4xx_hal_tim.o(i.HAL_TIM_Base_MspInit)
    HAL_TIM_Base_Start_IT                    0x08022c21   Thumb Code   100  stm32f4xx_hal_tim.o(i.HAL_TIM_Base_Start_IT)
    HAL_TIM_IC_CaptureCallback               0x08022ca1   Thumb Code     2  stm32f4xx_hal_tim.o(i.HAL_TIM_IC_CaptureCallback)
    HAL_TIM_IRQHandler                       0x08022ca3   Thumb Code   358  stm32f4xx_hal_tim.o(i.HAL_TIM_IRQHandler)
    HAL_TIM_OC_DelayElapsedCallback          0x08022e09   Thumb Code     2  stm32f4xx_hal_tim.o(i.HAL_TIM_OC_DelayElapsedCallback)
    HAL_TIM_PWM_PulseFinishedCallback        0x08022e0b   Thumb Code     2  stm32f4xx_hal_tim.o(i.HAL_TIM_PWM_PulseFinishedCallback)
    HAL_TIM_PeriodElapsedCallback            0x08022e0d   Thumb Code    14  main.o(i.HAL_TIM_PeriodElapsedCallback)
    HAL_TIM_TriggerCallback                  0x08022e21   Thumb Code     2  stm32f4xx_hal_tim.o(i.HAL_TIM_TriggerCallback)
    HAL_UART_Init                            0x08022e23   Thumb Code    98  stm32f4xx_hal_uart.o(i.HAL_UART_Init)
    HAL_UART_MspDeInit                       0x08022e85   Thumb Code    74  usart.o(i.HAL_UART_MspDeInit)
    HAL_UART_MspInit                         0x08022ee9   Thumb Code   206  usart.o(i.HAL_UART_MspInit)
    HAL_UART_Transmit                        0x08022fd1   Thumb Code   178  stm32f4xx_hal_uart.o(i.HAL_UART_Transmit)
    MX_CAN1_Init                             0x08023085   Thumb Code    64  can.o(i.MX_CAN1_Init)
    MX_CAN2_Init                             0x080230cd   Thumb Code    64  can.o(i.MX_CAN2_Init)
    MX_GPIO_Init                             0x08023115   Thumb Code   350  gpio.o(i.MX_GPIO_Init)
    MX_RTC_Init                              0x08023285   Thumb Code    44  rtc.o(i.MX_RTC_Init)
    MX_RT_Thread_Init                        0x080232b9   Thumb Code    90  app_rt_thread.o(i.MX_RT_Thread_Init)
    MX_SPI1_Init                             0x08023339   Thumb Code    62  spi.o(i.MX_SPI1_Init)
    MX_SPI2_Init                             0x08023381   Thumb Code    62  spi.o(i.MX_SPI2_Init)
    MX_USART1_UART_Init                      0x080233c9   Thumb Code    48  usart.o(i.MX_USART1_UART_Init)
    MX_USART2_UART_Init                      0x08023401   Thumb Code    48  usart.o(i.MX_USART2_UART_Init)
    MX_USART3_UART_Init                      0x08023439   Thumb Code    48  usart.o(i.MX_USART3_UART_Init)
    MX_USARTx_UART_Init                      0x08023471   Thumb Code    34  usart.o(i.MX_USARTx_UART_Init)
    MX_USB_OTG_FS_PCD_Init                   0x080234a1   Thumb Code    52  usb_otg.o(i.MX_USB_OTG_FS_PCD_Init)
    MemManage_Handler                        0x080234d9   Thumb Code     2  stm32f4xx_it.o(i.MemManage_Handler)
    NMI_Handler                              0x080234db   Thumb Code     2  stm32f4xx_it.o(i.NMI_Handler)
    RTC_EnterInitMode                        0x080234dd   Thumb Code    72  stm32f4xx_hal_rtc.o(i.RTC_EnterInitMode)
    RTC_ExitInitMode                         0x08023525   Thumb Code    42  stm32f4xx_hal_rtc.o(i.RTC_ExitInitMode)
    SysTick_Handler                          0x08023661   Thumb Code    18  board.o(i.SysTick_Handler)
    SystemClock_Config                       0x08023675   Thumb Code   148  main.o(i.SystemClock_Config)
    SystemCoreClockUpdate                    0x08023711   Thumb Code   104  system_stm32f4xx.o(i.SystemCoreClockUpdate)
    SystemInit                               0x0802378d   Thumb Code    12  system_stm32f4xx.o(i.SystemInit)
    TIM4_IRQHandler                          0x0802379d   Thumb Code     6  stm32f4xx_it.o(i.TIM4_IRQHandler)
    TIM_Base_SetConfig                       0x080237a9   Thumb Code   156  stm32f4xx_hal_tim.o(i.TIM_Base_SetConfig)
    USART3_IRQHandler                        0x080239f5   Thumb Code   126  drv_gps.o(i.USART3_IRQHandler)
    USB_CoreInit                             0x08023a7d   Thumb Code   112  stm32f4xx_ll_usb.o(i.USB_CoreInit)
    USB_DevDisconnect                        0x08023b31   Thumb Code    28  stm32f4xx_ll_usb.o(i.USB_DevDisconnect)
    USB_DevInit                              0x08023b4d   Thumb Code   362  stm32f4xx_ll_usb.o(i.USB_DevInit)
    USB_DisableGlobalInt                     0x08023cc1   Thumb Code    12  stm32f4xx_ll_usb.o(i.USB_DisableGlobalInt)
    USB_FlushRxFifo                          0x08023ccd   Thumb Code    54  stm32f4xx_ll_usb.o(i.USB_FlushRxFifo)
    USB_FlushTxFifo                          0x08023d09   Thumb Code    58  stm32f4xx_ll_usb.o(i.USB_FlushTxFifo)
    USB_SetCurrentMode                       0x08023d49   Thumb Code    92  stm32f4xx_ll_usb.o(i.USB_SetCurrentMode)
    UsageFault_Handler                       0x08023da5   Thumb Code     2  stm32f4xx_it.o(i.UsageFault_Handler)
    __rt_ffs                                 0x08023dc9   Thumb Code    64  kservice.o(i.__rt_ffs)
    cmd_free                                 0x08024051   Thumb Code    10  msh.o(i.cmd_free)
    cmd_ps                                   0x0802405b   Thumb Code    10  msh.o(i.cmd_ps)
    driver_init                              0x08024065   Thumb Code    14  drv_config.o(i.driver_init)
    drv_gps_init                             0x08024075   Thumb Code    84  drv_config.o(i.drv_gps_init)
    drv_mcp2515_init                         0x080240dd   Thumb Code    16  drv_config.o(i.drv_mcp2515_init)
    finsh_get_prompt                         0x080240fd   Thumb Code    66  shell.o(i.finsh_get_prompt)
    finsh_set_prompt_mode                    0x0802415d   Thumb Code    16  shell.o(i.finsh_set_prompt_mode)
    finsh_system_function_init               0x08024171   Thumb Code     8  shell.o(i.finsh_system_function_init)
    finsh_system_init                        0x0802417d   Thumb Code    90  shell.o(i.finsh_system_init)
    finsh_thread_entry                       0x08024211   Thumb Code   612  shell.o(i.finsh_thread_entry)
    gps_th_entry                             0x0802449d   Thumb Code    44  app_rt_thread.o(i.gps_th_entry)
    hello                                    0x08024549   Thumb Code    12  cmd.o(i.hello)
    led_task_entry                           0x08024569   Thumb Code    40  app_rt_thread.o(i.led_task_entry)
    list                                     0x08024595   Thumb Code    50  cmd.o(i.list)
    list_mem                                 0x08024685   Thumb Code    32  mem.o(i.list_mem)
    list_sem                                 0x080246f1   Thumb Code   214  cmd.o(i.list_sem)
    list_thread                              0x08024831   Thumb Code   250  cmd.o(i.list_thread)
    list_timer                               0x080249e9   Thumb Code   160  cmd.o(i.list_timer)
    $Super$$main                             0x08024b29   Thumb Code    58  main.o(i.main)
    main_thread_entry                        0x08024b63   Thumb Code    14  components.o(i.main_thread_entry)
    msh_auto_complete                        0x08024c49   Thumb Code   150  msh.o(i.msh_auto_complete)
    msh_exec                                 0x08024cf5   Thumb Code    74  msh.o(i.msh_exec)
    msh_help                                 0x08024d59   Thumb Code    58  msh.o(i.msh_help)
    msh_is_used                              0x08024dd1   Thumb Code     4  msh.o(i.msh_is_used)
    rt_application_init                      0x08025041   Thumb Code    32  components.o(i.rt_application_init)
    rt_calloc                                0x0802506d   Thumb Code    26  mem.o(i.rt_calloc)
    rt_components_board_init                 0x08025089   Thumb Code    20  components.o(i.rt_components_board_init)
    rt_components_init                       0x080250a5   Thumb Code    20  components.o(i.rt_components_init)
    rt_enter_critical                        0x080250c1   Thumb Code    22  scheduler.o(i.rt_enter_critical)
    rt_exit_critical                         0x080250dd   Thumb Code    52  scheduler.o(i.rt_exit_critical)
    rt_free                                  0x08025115   Thumb Code   112  mem.o(i.rt_free)
    rt_heap_begin_get                        0x080251d9   Thumb Code     4  board.o(i.rt_heap_begin_get)
    rt_heap_end_get                          0x080251e1   Thumb Code     4  board.o(i.rt_heap_end_get)
    rt_hw_board_init                         0x080251e9   Thumb Code    54  board.o(i.rt_hw_board_init)
    rt_hw_console_getchar                    0x08025221   Thumb Code    34  board.o(i.rt_hw_console_getchar)
    rt_hw_console_output                     0x08025249   Thumb Code    66  board.o(i.rt_hw_console_output)
    rt_hw_hard_fault_exception               0x08025291   Thumb Code   198  cpuport.o(i.rt_hw_hard_fault_exception)
    rt_hw_stack_init                         0x080254a9   Thumb Code    54  cpuport.o(i.rt_hw_stack_init)
    rt_interrupt_enter                       0x080254e5   Thumb Code    22  irq.o(i.rt_interrupt_enter)
    rt_interrupt_leave                       0x08025501   Thumb Code    22  irq.o(i.rt_interrupt_leave)
    rt_kprintf                               0x0802551d   Thumb Code    28  kservice.o(i.rt_kprintf)
    rt_malloc                                0x080255bd   Thumb Code   232  mem.o(i.rt_malloc)
    rt_memmove                               0x080256ad   Thumb Code    50  kservice.o(i.rt_memmove)
    rt_memset                                0x080256e1   Thumb Code    70  kservice.o(i.rt_memset)
    rt_object_allocate                       0x08025727   Thumb Code    80  object.o(i.rt_object_allocate)
    rt_object_delete                         0x08025777   Thumb Code    38  object.o(i.rt_object_delete)
    rt_object_detach                         0x0802579d   Thumb Code    32  object.o(i.rt_object_detach)
    rt_object_get_information                0x080257bd   Thumb Code    30  object.o(i.rt_object_get_information)
    rt_object_init                           0x080257e1   Thumb Code    80  object.o(i.rt_object_init)
    rt_object_is_systemobject                0x08025831   Thumb Code    14  object.o(i.rt_object_is_systemobject)
    rt_schedule                              0x08025841   Thumb Code    76  scheduler.o(i.rt_schedule)
    rt_schedule_insert_thread                0x08025899   Thumb Code    70  scheduler.o(i.rt_schedule_insert_thread)
    rt_schedule_remove_thread                0x080258e9   Thumb Code    64  scheduler.o(i.rt_schedule_remove_thread)
    rt_sem_init                              0x08025931   Thumb Code    36  ipc.o(i.rt_sem_init)
    rt_sem_release                           0x08025955   Thumb Code    74  ipc.o(i.rt_sem_release)
    rt_sem_take                              0x0802599f   Thumb Code   174  ipc.o(i.rt_sem_take)
    rt_show_version                          0x08025a4d   Thumb Code    40  kservice.o(i.rt_show_version)
    rt_strlen                                0x08025afd   Thumb Code    16  kservice.o(i.rt_strlen)
    rt_strncpy                               0x08025b0d   Thumb Code    38  kservice.o(i.rt_strncpy)
    rt_system_heap_init                      0x08025b35   Thumb Code    96  mem.o(i.rt_system_heap_init)
    rt_system_scheduler_init                 0x08025be1   Thumb Code    44  scheduler.o(i.rt_system_scheduler_init)
    rt_system_scheduler_start                0x08025c15   Thumb Code    32  scheduler.o(i.rt_system_scheduler_start)
    rt_system_timer_init                     0x08025c3d   Thumb Code     8  timer.o(i.rt_system_timer_init)
    rt_system_timer_thread_init              0x08025c49   Thumb Code     2  timer.o(i.rt_system_timer_thread_init)
    rt_thread_create                         0x08025c4b   Thumb Code    72  thread.o(i.rt_thread_create)
    rt_thread_delay                          0x08025c93   Thumb Code     4  thread.o(i.rt_thread_delay)
    rt_thread_exit                           0x08025c99   Thumb Code    82  thread.o(i.rt_thread_exit)
    rt_thread_idle_excute                    0x08025cfd   Thumb Code    70  idle.o(i.rt_thread_idle_excute)
    rt_thread_idle_init                      0x08025d49   Thumb Code    40  idle.o(i.rt_thread_idle_init)
    rt_thread_init                           0x08025d81   Thumb Code    48  thread.o(i.rt_thread_init)
    rt_thread_mdelay                         0x08025db1   Thumb Code    14  thread.o(i.rt_thread_mdelay)
    rt_thread_resume                         0x08025dbf   Thumb Code    60  thread.o(i.rt_thread_resume)
    rt_thread_self                           0x08025dfd   Thumb Code     6  thread.o(i.rt_thread_self)
    rt_thread_sleep                          0x08025e09   Thumb Code    60  thread.o(i.rt_thread_sleep)
    rt_thread_startup                        0x08025e49   Thumb Code    40  thread.o(i.rt_thread_startup)
    rt_thread_suspend                        0x08025e75   Thumb Code    66  thread.o(i.rt_thread_suspend)
    rt_thread_timeout                        0x08025eb7   Thumb Code    32  thread.o(i.rt_thread_timeout)
    rt_thread_yield                          0x08025ed9   Thumb Code    86  thread.o(i.rt_thread_yield)
    rt_tick_from_millisecond                 0x08025f39   Thumb Code    50  clock.o(i.rt_tick_from_millisecond)
    rt_tick_get                              0x08025f6d   Thumb Code     6  clock.o(i.rt_tick_get)
    rt_tick_increase                         0x08025f79   Thumb Code    38  clock.o(i.rt_tick_increase)
    rt_timer_check                           0x08025fa5   Thumb Code   136  timer.o(i.rt_timer_check)
    rt_timer_control                         0x08026031   Thumb Code    72  timer.o(i.rt_timer_control)
    rt_timer_detach                          0x08026079   Thumb Code    40  timer.o(i.rt_timer_detach)
    rt_timer_init                            0x080260a1   Thumb Code    40  timer.o(i.rt_timer_init)
    rt_timer_start                           0x080260c9   Thumb Code   126  timer.o(i.rt_timer_start)
    rt_timer_stop                            0x0802614d   Thumb Code    46  timer.o(i.rt_timer_stop)
    rt_vsnprintf                             0x0802617d   Thumb Code   634  kservice.o(i.rt_vsnprintf)
    rtthread_startup                         0x08026411   Thumb Code    42  components.o(i.rtthread_startup)
    spi_can_send_data                        0x08026465   Thumb Code    26  drv_config.o(i.spi_can_send_data)
    spi_set_cs_high                          0x08026485   Thumb Code    10  drv_config.o(i.spi_set_cs_high)
    spi_set_cs_low                           0x08026495   Thumb Code    10  drv_config.o(i.spi_set_cs_low)
    usart_gps_disinit                        0x080265a9   Thumb Code    18  drv_config.o(i.usart_gps_disinit)
    usart_gps_init                           0x080265c1   Thumb Code    38  drv_config.o(i.usart_gps_init)
    version                                  0x080265ed   Thumb Code    10  cmd.o(i.version)
    _get_lc_ctype                            0x080265f9   Thumb Code    44  lc_ctype_c.o(locale$$code)
    __aeabi_d2f                              0x08026625   Thumb Code     0  d2f.o(x$fpl$d2f)
    _d2f                                     0x08026625   Thumb Code    98  d2f.o(x$fpl$d2f)
    __aeabi_dadd                             0x08026689   Thumb Code     0  daddsub_clz.o(x$fpl$dadd)
    _dadd                                    0x08026689   Thumb Code   332  daddsub_clz.o(x$fpl$dadd)
    __aeabi_ddiv                             0x080267d9   Thumb Code     0  ddiv.o(x$fpl$ddiv)
    _ddiv                                    0x080267d9   Thumb Code   552  ddiv.o(x$fpl$ddiv)
    __aeabi_ui2d                             0x08026a89   Thumb Code     0  dflt_clz.o(x$fpl$dfltu)
    _dfltu                                   0x08026a89   Thumb Code    38  dflt_clz.o(x$fpl$dfltu)
    __fpl_dnaninf                            0x08026aaf   Thumb Code   156  dnaninf.o(x$fpl$dnaninf)
    __fpl_dretinf                            0x08026b4b   Thumb Code    12  dretinf.o(x$fpl$dretinf)
    __aeabi_dsub                             0x08026b59   Thumb Code     0  daddsub_clz.o(x$fpl$dsub)
    _dsub                                    0x08026b59   Thumb Code   464  daddsub_clz.o(x$fpl$dsub)
    _fp_init                                 0x08026d2d   Thumb Code    10  fpinit.o(x$fpl$fpinit)
    __fplib_config_fpu_vfp                   0x08026d35   Thumb Code     0  fpinit.o(x$fpl$fpinit)
    __fplib_config_pureend_doubles           0x08026d35   Thumb Code     0  fpinit.o(x$fpl$fpinit)
    __fpl_fretinf                            0x08026d37   Thumb Code    10  fretinf.o(x$fpl$fretinf)
    AHBPrescTable                            0x08026d40   Data          16  system_stm32f4xx.o(.constdata)
    __I$use$fp                               0x08026d40   Number         0  usenofp.o(x$fpl$usenofp)
    APBPrescTable                            0x08026d50   Data           8  system_stm32f4xx.o(.constdata)
    __lowest_bit_bitmap                      0x08026d58   Data         256  kservice.o(.constdata)
    __fsym_list_mem_name                     0x08026ec0   Data           9  mem.o(.rodata.name)
    __fsym_list_mem_desc                     0x08026ec9   Data          30  mem.o(.rodata.name)
    __fsym_hello_name                        0x08026ee7   Data           6  cmd.o(.rodata.name)
    __fsym_hello_desc                        0x08026eed   Data          16  cmd.o(.rodata.name)
    __fsym_version_name                      0x08026efd   Data           8  cmd.o(.rodata.name)
    __fsym_version_desc                      0x08026f05   Data          35  cmd.o(.rodata.name)
    __fsym___cmd_version_name                0x08026f28   Data          14  cmd.o(.rodata.name)
    __fsym___cmd_version_desc                0x08026f36   Data          35  cmd.o(.rodata.name)
    __fsym_list_thread_name                  0x08026f59   Data          12  cmd.o(.rodata.name)
    __fsym_list_thread_desc                  0x08026f65   Data          12  cmd.o(.rodata.name)
    __fsym___cmd_list_thread_name            0x08026f71   Data          18  cmd.o(.rodata.name)
    __fsym___cmd_list_thread_desc            0x08026f83   Data          12  cmd.o(.rodata.name)
    __fsym_list_sem_name                     0x08026f8f   Data           9  cmd.o(.rodata.name)
    __fsym_list_sem_desc                     0x08026f98   Data          25  cmd.o(.rodata.name)
    __fsym___cmd_list_sem_name               0x08026fb1   Data          15  cmd.o(.rodata.name)
    __fsym___cmd_list_sem_desc               0x08026fc0   Data          25  cmd.o(.rodata.name)
    __fsym_list_timer_name                   0x08026fd9   Data          11  cmd.o(.rodata.name)
    __fsym_list_timer_desc                   0x08026fe4   Data          21  cmd.o(.rodata.name)
    __fsym___cmd_list_timer_name             0x08026ff9   Data          17  cmd.o(.rodata.name)
    __fsym___cmd_list_timer_desc             0x0802700a   Data          21  cmd.o(.rodata.name)
    __fsym_list_name                         0x0802701f   Data           5  cmd.o(.rodata.name)
    __fsym_list_desc                         0x08027024   Data          26  cmd.o(.rodata.name)
    __fsym___cmd_help_name                   0x0802703e   Data          11  msh.o(.rodata.name)
    __fsym___cmd_help_desc                   0x08027049   Data          22  msh.o(.rodata.name)
    __fsym___cmd_ps_name                     0x0802705f   Data           9  msh.o(.rodata.name)
    __fsym___cmd_ps_desc                     0x08027068   Data          28  msh.o(.rodata.name)
    __fsym___cmd_free_name                   0x08027084   Data          11  msh.o(.rodata.name)
    __fsym___cmd_free_desc                   0x0802708f   Data          37  msh.o(.rodata.name)
    __rt_init_rti_start                      0x080270b4   Data           4  components.o(.rti_fn.0)
    __rt_init_rti_board_start                0x080270b8   Data           4  components.o(.rti_fn.0.end)
    __rt_init_uart_init                      0x080270bc   Data           4  board.o(.rti_fn.1)
    __rt_init_rti_board_end                  0x080270c0   Data           4  components.o(.rti_fn.1.end)
    __rt_init_finsh_system_init              0x080270c4   Data           4  shell.o(.rti_fn.6)
    __rt_init_rti_end                        0x080270c8   Data           4  components.o(.rti_fn.6.end)
    FSymTab$$Base                            0x080270cc   Number         0  mem.o(FSymTab)
    __fsym_list_mem                          0x080270cc   Data          12  mem.o(FSymTab)
    __fsym_hello                             0x080270d8   Data          12  cmd.o(FSymTab)
    __fsym_version                           0x080270e4   Data          12  cmd.o(FSymTab)
    __fsym___cmd_version                     0x080270f0   Data          12  cmd.o(FSymTab)
    __fsym_list_thread                       0x080270fc   Data          12  cmd.o(FSymTab)
    __fsym___cmd_list_thread                 0x08027108   Data          12  cmd.o(FSymTab)
    __fsym_list_sem                          0x08027114   Data          12  cmd.o(FSymTab)
    __fsym___cmd_list_sem                    0x08027120   Data          12  cmd.o(FSymTab)
    __fsym_list_timer                        0x0802712c   Data          12  cmd.o(FSymTab)
    __fsym___cmd_list_timer                  0x08027138   Data          12  cmd.o(FSymTab)
    __fsym_list                              0x08027144   Data          12  cmd.o(FSymTab)
    __fsym___cmd_help                        0x08027150   Data          12  msh.o(FSymTab)
    __fsym___cmd_ps                          0x0802715c   Data          12  msh.o(FSymTab)
    __fsym___cmd_free                        0x08027168   Data          12  msh.o(FSymTab)
    FSymTab$$Limit                           0x08027174   Number         0  msh.o(FSymTab)
    Region$$Table$$Base                      0x08027174   Number         0  anon$$obj.o(Region$$Table)
    Region$$Table$$Limit                     0x08027194   Number         0  anon$$obj.o(Region$$Table)
    __ctype                                  0x080271a1   Data           0  lc_ctype_c.o(locale$$data)
    uwTickFreq                               0x20000000   Data           1  stm32f4xx_hal.o(.data)
    uwTickPrio                               0x20000004   Data           4  stm32f4xx_hal.o(.data)
    uwTick                                   0x20000008   Data           4  stm32f4xx_hal.o(.data)
    SystemCoreClock                          0x2000000c   Data           4  system_stm32f4xx.o(.data)
    rt_interrupt_nest                        0x20000014   Data           1  irq.o(.data)
    rt_current_priority                      0x20000060   Data           1  scheduler.o(.data)
    rt_current_thread                        0x20000064   Data           4  scheduler.o(.data)
    rt_thread_ready_priority_group           0x20000068   Data           4  scheduler.o(.data)
    rt_thread_defunct                        0x2000006c   Data           8  scheduler.o(.data)
    rt_interrupt_from_thread                 0x20000084   Data           4  cpuport.o(.data)
    rt_interrupt_to_thread                   0x20000088   Data           4  cpuport.o(.data)
    rt_thread_switch_interrupt_flag          0x2000008c   Data           4  cpuport.o(.data)
    _syscall_table_begin                     0x20000090   Data           4  shell.o(.data)
    _syscall_table_end                       0x20000094   Data           4  shell.o(.data)
    _sysvar_table_begin                      0x20000098   Data           4  shell.o(.data)
    _sysvar_table_end                        0x2000009c   Data           4  shell.o(.data)
    shell                                    0x200000a4   Data           4  shell.o(.data)
    gpsRxStep                                0x200000ac   Data           1  drv_gps.o(.data)
    rxCnt                                    0x200000b2   Data           2  drv_gps.o(.data)
    gps_thread                               0x200000c4   Data           4  app_rt_thread.o(.data)
    apple                                    0x200000c8   Data           4  app_rt_thread.o(.data)
    htim4                                    0x200000cc   Data          72  stm32f4xx_hal_timebase_tim.o(.bss)
    rt_thread_priority_table                 0x2000032c   Data         256  scheduler.o(.bss)
    hcan1                                    0x200040f4   Data          40  can.o(.bss)
    hcan2                                    0x2000411c   Data          40  can.o(.bss)
    hrtc                                     0x20004144   Data          32  rtc.o(.bss)
    hspi1                                    0x20004164   Data          88  spi.o(.bss)
    hspi2                                    0x200041bc   Data          88  spi.o(.bss)
    hpcd_USB_OTG_FS                          0x20004214   Data        1292  usb_otg.o(.bss)
    huart1                                   0x20004720   Data          68  usart.o(.bss)
    huart2                                   0x20004764   Data          68  usart.o(.bss)
    huart3                                   0x200047a8   Data          68  usart.o(.bss)
    mcp2515_fun                              0x200047ec   Data          12  drv_mcp2515.o(.bss)
    gps_var                                  0x200047f8   Data          80  drv_gps.o(.bss)
    gpsRxBuf                                 0x20004848   Data         100  drv_gps.o(.bss)
    gpsSavBuf                                0x200048ac   Data         100  drv_gps.o(.bss)
    led_thread                               0x20004920   Data         120  app_rt_thread.o(.bss)
    rt_led_thread_stack                      0x20004998   Data         128  app_rt_thread.o(.bss)
    gps_sem                                  0x20004a18   Data          32  app_rt_thread.o(.bss)
    gps_info                                 0x20004a38   Data          56  app_rt_thread.o(.bss)
    __libspace_start                         0x20004a70   Data          96  libspace.o(.bss)
    __temporary_stack_top$libspace           0x20004ad0   Data           0  libspace.o(.bss)



==============================================================================

Memory Map of the image

  Image Entry point : 0x08020189

  Load Region LR_IROM1 (Base: 0x08020000, Size: 0x00007370, Max: 0x00020000, ABSOLUTE)

    Execution Region ER_IROM1 (Exec base: 0x08020000, Load base: 0x08020000, Size: 0x000072a4, Max: 0x00020000, ABSOLUTE)

    Exec Addr    Load Addr    Size         Type   Attr      Idx    E Section Name        Object

    0x08020000   0x08020000   0x00000188   Data   RO            3    RESET               startup_stm32f405xx.o
    0x08020188   0x08020188   0x00000008   Code   RO         6891  * !!!main             c_w.l(__main.o)
    0x08020190   0x08020190   0x00000034   Code   RO         7107    !!!scatter          c_w.l(__scatter.o)
    0x080201c4   0x080201c4   0x0000001a   Code   RO         7109    !!handler_copy      c_w.l(__scatter_copy.o)
    0x080201de   0x080201de   0x00000002   PAD
    0x080201e0   0x080201e0   0x0000001c   Code   RO         7111    !!handler_zi        c_w.l(__scatter_zi.o)
    0x080201fc   0x080201fc   0x00000002   Code   RO         6965    .ARM.Collect$$libinit$$00000000  c_w.l(libinit.o)
    0x080201fe   0x080201fe   0x00000004   Code   RO         6985    .ARM.Collect$$libinit$$00000001  c_w.l(libinit2.o)
    0x08020202   0x08020202   0x00000000   Code   RO         6988    .ARM.Collect$$libinit$$00000004  c_w.l(libinit2.o)
    0x08020202   0x08020202   0x00000000   Code   RO         6991    .ARM.Collect$$libinit$$0000000A  c_w.l(libinit2.o)
    0x08020202   0x08020202   0x00000000   Code   RO         6993    .ARM.Collect$$libinit$$0000000C  c_w.l(libinit2.o)
    0x08020202   0x08020202   0x00000000   Code   RO         6995    .ARM.Collect$$libinit$$0000000E  c_w.l(libinit2.o)
    0x08020202   0x08020202   0x00000006   Code   RO         6996    .ARM.Collect$$libinit$$0000000F  c_w.l(libinit2.o)
    0x08020208   0x08020208   0x00000000   Code   RO         6998    .ARM.Collect$$libinit$$00000011  c_w.l(libinit2.o)
    0x08020208   0x08020208   0x0000000c   Code   RO         6999    .ARM.Collect$$libinit$$00000012  c_w.l(libinit2.o)
    0x08020214   0x08020214   0x00000000   Code   RO         7000    .ARM.Collect$$libinit$$00000013  c_w.l(libinit2.o)
    0x08020214   0x08020214   0x00000000   Code   RO         7002    .ARM.Collect$$libinit$$00000015  c_w.l(libinit2.o)
    0x08020214   0x08020214   0x00000000   Code   RO         7004    .ARM.Collect$$libinit$$00000017  c_w.l(libinit2.o)
    0x08020214   0x08020214   0x00000000   Code   RO         7006    .ARM.Collect$$libinit$$00000019  c_w.l(libinit2.o)
    0x08020214   0x08020214   0x00000000   Code   RO         7008    .ARM.Collect$$libinit$$0000001B  c_w.l(libinit2.o)
    0x08020214   0x08020214   0x00000000   Code   RO         7010    .ARM.Collect$$libinit$$0000001D  c_w.l(libinit2.o)
    0x08020214   0x08020214   0x00000000   Code   RO         7012    .ARM.Collect$$libinit$$0000001F  c_w.l(libinit2.o)
    0x08020214   0x08020214   0x00000000   Code   RO         7014    .ARM.Collect$$libinit$$00000021  c_w.l(libinit2.o)
    0x08020214   0x08020214   0x00000000   Code   RO         7016    .ARM.Collect$$libinit$$00000023  c_w.l(libinit2.o)
    0x08020214   0x08020214   0x00000000   Code   RO         7018    .ARM.Collect$$libinit$$00000025  c_w.l(libinit2.o)
    0x08020214   0x08020214   0x00000000   Code   RO         7022    .ARM.Collect$$libinit$$0000002C  c_w.l(libinit2.o)
    0x08020214   0x08020214   0x00000000   Code   RO         7024    .ARM.Collect$$libinit$$0000002E  c_w.l(libinit2.o)
    0x08020214   0x08020214   0x00000000   Code   RO         7026    .ARM.Collect$$libinit$$00000030  c_w.l(libinit2.o)
    0x08020214   0x08020214   0x00000000   Code   RO         7028    .ARM.Collect$$libinit$$00000032  c_w.l(libinit2.o)
    0x08020214   0x08020214   0x00000002   Code   RO         7029    .ARM.Collect$$libinit$$00000033  c_w.l(libinit2.o)
    0x08020216   0x08020216   0x00000002   Code   RO         7062    .ARM.Collect$$libshutdown$$00000000  c_w.l(libshutdown.o)
    0x08020218   0x08020218   0x00000000   Code   RO         7088    .ARM.Collect$$libshutdown$$00000002  c_w.l(libshutdown2.o)
    0x08020218   0x08020218   0x00000000   Code   RO         7090    .ARM.Collect$$libshutdown$$00000004  c_w.l(libshutdown2.o)
    0x08020218   0x08020218   0x00000000   Code   RO         7092    .ARM.Collect$$libshutdown$$00000006  c_w.l(libshutdown2.o)
    0x08020218   0x08020218   0x00000000   Code   RO         7095    .ARM.Collect$$libshutdown$$00000009  c_w.l(libshutdown2.o)
    0x08020218   0x08020218   0x00000000   Code   RO         7098    .ARM.Collect$$libshutdown$$0000000C  c_w.l(libshutdown2.o)
    0x08020218   0x08020218   0x00000000   Code   RO         7100    .ARM.Collect$$libshutdown$$0000000E  c_w.l(libshutdown2.o)
    0x08020218   0x08020218   0x00000000   Code   RO         7103    .ARM.Collect$$libshutdown$$00000011  c_w.l(libshutdown2.o)
    0x08020218   0x08020218   0x00000002   Code   RO         7104    .ARM.Collect$$libshutdown$$00000012  c_w.l(libshutdown2.o)
    0x0802021a   0x0802021a   0x00000000   Code   RO         6911    .ARM.Collect$$rtentry$$00000000  c_w.l(__rtentry.o)
    0x0802021a   0x0802021a   0x00000000   Code   RO         6930    .ARM.Collect$$rtentry$$00000002  c_w.l(__rtentry2.o)
    0x0802021a   0x0802021a   0x00000006   Code   RO         6942    .ARM.Collect$$rtentry$$00000004  c_w.l(__rtentry4.o)
    0x08020220   0x08020220   0x00000000   Code   RO         6932    .ARM.Collect$$rtentry$$00000009  c_w.l(__rtentry2.o)
    0x08020220   0x08020220   0x00000004   Code   RO         6933    .ARM.Collect$$rtentry$$0000000A  c_w.l(__rtentry2.o)
    0x08020224   0x08020224   0x00000000   Code   RO         6935    .ARM.Collect$$rtentry$$0000000C  c_w.l(__rtentry2.o)
    0x08020224   0x08020224   0x00000008   Code   RO         6936    .ARM.Collect$$rtentry$$0000000D  c_w.l(__rtentry2.o)
    0x0802022c   0x0802022c   0x00000002   Code   RO         6969    .ARM.Collect$$rtexit$$00000000  c_w.l(rtexit.o)
    0x0802022e   0x0802022e   0x00000000   Code   RO         7033    .ARM.Collect$$rtexit$$00000002  c_w.l(rtexit2.o)
    0x0802022e   0x0802022e   0x00000004   Code   RO         7034    .ARM.Collect$$rtexit$$00000003  c_w.l(rtexit2.o)
    0x08020232   0x08020232   0x00000006   Code   RO         7035    .ARM.Collect$$rtexit$$00000004  c_w.l(rtexit2.o)
    0x08020238   0x08020238   0x00000040   Code   RO            4    .text               startup_stm32f405xx.o
    0x08020278   0x08020278   0x00000134   Code   RO         4951    .text               context_rvds.o
    0x080203ac   0x080203ac   0x000000ee   Code   RO         6865    .text               c_w.l(lludivv7m.o)
    0x0802049a   0x0802049a   0x00000002   PAD
    0x0802049c   0x0802049c   0x0000003c   Code   RO         6867    .text               c_w.l(__0sscanf.o)
    0x080204d8   0x080204d8   0x0000014c   Code   RO         6869    .text               c_w.l(_scanf_int.o)
    0x08020624   0x08020624   0x00000048   Code   RO         6871    .text               c_w.l(strcpy.o)
    0x0802066c   0x0802066c   0x0000003e   Code   RO         6873    .text               c_w.l(strlen.o)
    0x080206aa   0x080206aa   0x00000096   Code   RO         6875    .text               c_w.l(strncmp.o)
    0x08020740   0x08020740   0x00000018   Code   RO         6877    .text               c_w.l(strcat.o)
    0x08020758   0x08020758   0x0000008a   Code   RO         6879    .text               c_w.l(rt_memcpy_v6.o)
    0x080207e2   0x080207e2   0x00000064   Code   RO         6881    .text               c_w.l(rt_memcpy_w.o)
    0x08020846   0x08020846   0x00000044   Code   RO         6883    .text               c_w.l(rt_memclr.o)
    0x0802088a   0x0802088a   0x0000004e   Code   RO         6885    .text               c_w.l(rt_memclr_w.o)
    0x080208d8   0x080208d8   0x00000056   Code   RO         6887    .text               c_w.l(strncpy.o)
    0x0802092e   0x0802092e   0x00000006   Code   RO         6889    .text               c_w.l(heapauxi.o)
    0x08020934   0x08020934   0x0000001c   Code   RO         6916    .text               c_w.l(_chval.o)
    0x08020950   0x08020950   0x0000002c   Code   RO         6918    .text               c_w.l(scanf_char.o)
    0x0802097c   0x0802097c   0x00000040   Code   RO         6920    .text               c_w.l(_sgetc.o)
    0x080209bc   0x080209bc   0x00000012   Code   RO         6946    .text               c_w.l(isspace.o)
    0x080209ce   0x080209ce   0x00000002   PAD
    0x080209d0   0x080209d0   0x00000374   Code   RO         6948    .text               c_w.l(_scanf.o)
    0x08020d44   0x08020d44   0x0000004a   Code   RO         6950    .text               c_w.l(sys_stackheap_outer.o)
    0x08020d8e   0x08020d8e   0x00000002   PAD
    0x08020d90   0x08020d90   0x00000010   Code   RO         6952    .text               c_w.l(rt_ctype_table.o)
    0x08020da0   0x08020da0   0x00000012   Code   RO         6954    .text               c_w.l(exit.o)
    0x08020db2   0x08020db2   0x00000002   PAD
    0x08020db4   0x08020db4   0x00000008   Code   RO         6966    .text               c_w.l(libspace.o)
    0x08020dbc   0x08020dbc   0x00000008   Code   RO         6976    .text               c_w.l(rt_locale_intlibspace.o)
    0x08020dc4   0x08020dc4   0x0000000c   Code   RO         7030    .text               c_w.l(sys_exit.o)
    0x08020dd0   0x08020dd0   0x00000080   Code   RO         7043    .text               c_w.l(strcmpv7m.o)
    0x08020e50   0x08020e50   0x00000002   Code   RO         7051    .text               c_w.l(use_no_semi.o)
    0x08020e52   0x08020e52   0x00000000   Code   RO         7053    .text               c_w.l(indicate_semi.o)
    0x08020e52   0x08020e52   0x0000000a   Code   RO         4996    i.$Sub$$main        components.o
    0x08020e5c   0x08020e5c   0x00000002   Code   RO          255    i.BusFault_Handler  stm32f4xx_it.o
    0x08020e5e   0x08020e5e   0x00000002   PAD
    0x08020e60   0x08020e60   0x0000000c   Code   RO          256    i.CAN1_RX0_IRQHandler  stm32f4xx_it.o
    0x08020e6c   0x08020e6c   0x0000000c   Code   RO          257    i.CAN1_TX_IRQHandler  stm32f4xx_it.o
    0x08020e78   0x08020e78   0x0000000c   Code   RO          258    i.CAN2_RX0_IRQHandler  stm32f4xx_it.o
    0x08020e84   0x08020e84   0x0000000c   Code   RO          259    i.CAN2_TX_IRQHandler  stm32f4xx_it.o
    0x08020e90   0x08020e90   0x00000002   Code   RO          260    i.DebugMon_Handler  stm32f4xx_it.o
    0x08020e92   0x08020e92   0x00000004   Code   RO           13    i.Error_Handler     main.o
    0x08020e96   0x08020e96   0x00000002   PAD
    0x08020e98   0x08020e98   0x0000005c   Code   RO         6726    i.GPS_ChkXor        drv_gps.o
    0x08020ef4   0x08020ef4   0x0000000c   Code   RO         6728    i.GPS_Control       drv_gps.o
    0x08020f00   0x08020f00   0x000002c0   Code   RO         6729    i.GPS_GGA           drv_gps.o
    0x080211c0   0x080211c0   0x000000f4   Code   RO         6730    i.GPS_GSV           drv_gps.o
    0x080212b4   0x080212b4   0x000000b0   Code   RO         6731    i.GPS_GetData       drv_gps.o
    0x08021364   0x08021364   0x0000000c   Code   RO         6732    i.GPS_Open          drv_gps.o
    0x08021370   0x08021370   0x00000224   Code   RO         6733    i.GPS_RMC           drv_gps.o
    0x08021594   0x08021594   0x00000002   Code   RO          406    i.HAL_CAN_ErrorCallback  stm32f4xx_hal_can.o
    0x08021596   0x08021596   0x000001fc   Code   RO          413    i.HAL_CAN_IRQHandler  stm32f4xx_hal_can.o
    0x08021792   0x08021792   0x0000011a   Code   RO          414    i.HAL_CAN_Init      stm32f4xx_hal_can.o
    0x080218ac   0x080218ac   0x00000124   Code   RO         6218    i.HAL_CAN_MspInit   can.o
    0x080219d0   0x080219d0   0x00000002   Code   RO          421    i.HAL_CAN_RxFifo0FullCallback  stm32f4xx_hal_can.o
    0x080219d2   0x080219d2   0x00000002   Code   RO          422    i.HAL_CAN_RxFifo0MsgPendingCallback  stm32f4xx_hal_can.o
    0x080219d4   0x080219d4   0x00000002   Code   RO          423    i.HAL_CAN_RxFifo1FullCallback  stm32f4xx_hal_can.o
    0x080219d6   0x080219d6   0x00000002   Code   RO          424    i.HAL_CAN_RxFifo1MsgPendingCallback  stm32f4xx_hal_can.o
    0x080219d8   0x080219d8   0x00000002   Code   RO          425    i.HAL_CAN_SleepCallback  stm32f4xx_hal_can.o
    0x080219da   0x080219da   0x00000002   Code   RO          428    i.HAL_CAN_TxMailbox0AbortCallback  stm32f4xx_hal_can.o
    0x080219dc   0x080219dc   0x00000002   Code   RO          429    i.HAL_CAN_TxMailbox0CompleteCallback  stm32f4xx_hal_can.o
    0x080219de   0x080219de   0x00000002   Code   RO          430    i.HAL_CAN_TxMailbox1AbortCallback  stm32f4xx_hal_can.o
    0x080219e0   0x080219e0   0x00000002   Code   RO          431    i.HAL_CAN_TxMailbox1CompleteCallback  stm32f4xx_hal_can.o
    0x080219e2   0x080219e2   0x00000002   Code   RO          432    i.HAL_CAN_TxMailbox2AbortCallback  stm32f4xx_hal_can.o
    0x080219e4   0x080219e4   0x00000002   Code   RO          433    i.HAL_CAN_TxMailbox2CompleteCallback  stm32f4xx_hal_can.o
    0x080219e6   0x080219e6   0x00000002   Code   RO          435    i.HAL_CAN_WakeUpFromRxMsgCallback  stm32f4xx_hal_can.o
    0x080219e8   0x080219e8   0x00000024   Code   RO         1515    i.HAL_Delay         stm32f4xx_hal.o
    0x08021a0c   0x08021a0c   0x00000168   Code   RO          986    i.HAL_GPIO_DeInit   stm32f4xx_hal_gpio.o
    0x08021b74   0x08021b74   0x000001f0   Code   RO          989    i.HAL_GPIO_Init     stm32f4xx_hal_gpio.o
    0x08021d64   0x08021d64   0x0000000a   Code   RO          993    i.HAL_GPIO_WritePin  stm32f4xx_hal_gpio.o
    0x08021d6e   0x08021d6e   0x00000002   PAD
    0x08021d70   0x08021d70   0x0000000c   Code   RO         1521    i.HAL_GetTick       stm32f4xx_hal.o
    0x08021d7c   0x08021d7c   0x00000010   Code   RO         1527    i.HAL_IncTick       stm32f4xx_hal.o
    0x08021d8c   0x08021d8c   0x00000034   Code   RO         1528    i.HAL_Init          stm32f4xx_hal.o
    0x08021dc0   0x08021dc0   0x00000098   Code   RO          361    i.HAL_InitTick      stm32f4xx_hal_timebase_tim.o
    0x08021e58   0x08021e58   0x00000030   Code   RO          337    i.HAL_MspInit       stm32f4xx_hal_msp.o
    0x08021e88   0x08021e88   0x00000022   Code   RO         1377    i.HAL_NVIC_DisableIRQ  stm32f4xx_hal_cortex.o
    0x08021eaa   0x08021eaa   0x0000001a   Code   RO         1378    i.HAL_NVIC_EnableIRQ  stm32f4xx_hal_cortex.o
    0x08021ec4   0x08021ec4   0x00000040   Code   RO         1384    i.HAL_NVIC_SetPriority  stm32f4xx_hal_cortex.o
    0x08021f04   0x08021f04   0x00000024   Code   RO         1385    i.HAL_NVIC_SetPriorityGrouping  stm32f4xx_hal_cortex.o
    0x08021f28   0x08021f28   0x000000e2   Code   RO         4347    i.HAL_PCD_Init      stm32f4xx_hal_pcd.o
    0x0802200a   0x0802200a   0x00000002   PAD
    0x0802200c   0x0802200c   0x00000074   Code   RO         6399    i.HAL_PCD_MspInit   usb_otg.o
    0x08022080   0x08022080   0x0000013c   Code   RO          740    i.HAL_RCCEx_PeriphCLKConfig  stm32f4xx_hal_rcc_ex.o
    0x080221bc   0x080221bc   0x00000134   Code   RO          635    i.HAL_RCC_ClockConfig  stm32f4xx_hal_rcc.o
    0x080222f0   0x080222f0   0x00000040   Code   RO          639    i.HAL_RCC_GetClockConfig  stm32f4xx_hal_rcc.o
    0x08022330   0x08022330   0x0000000c   Code   RO          640    i.HAL_RCC_GetHCLKFreq  stm32f4xx_hal_rcc.o
    0x0802233c   0x0802233c   0x00000020   Code   RO          642    i.HAL_RCC_GetPCLK1Freq  stm32f4xx_hal_rcc.o
    0x0802235c   0x0802235c   0x00000020   Code   RO          643    i.HAL_RCC_GetPCLK2Freq  stm32f4xx_hal_rcc.o
    0x0802237c   0x0802237c   0x00000064   Code   RO          644    i.HAL_RCC_GetSysClockFreq  stm32f4xx_hal_rcc.o
    0x080223e0   0x080223e0   0x0000036c   Code   RO          647    i.HAL_RCC_OscConfig  stm32f4xx_hal_rcc.o
    0x0802274c   0x0802274c   0x0000008c   Code   RO         1779    i.HAL_RTC_Init      stm32f4xx_hal_rtc.o
    0x080227d8   0x080227d8   0x00000038   Code   RO         6267    i.HAL_RTC_MspInit   rtc.o
    0x08022810   0x08022810   0x00000036   Code   RO         1787    i.HAL_RTC_WaitForSynchro  stm32f4xx_hal_rtc.o
    0x08022846   0x08022846   0x000000bc   Code   RO         2684    i.HAL_SPI_Init      stm32f4xx_hal_spi.o
    0x08022902   0x08022902   0x00000002   PAD
    0x08022904   0x08022904   0x000000b0   Code   RO         6351    i.HAL_SPI_MspInit   spi.o
    0x080229b4   0x080229b4   0x000001e2   Code   RO         2693    i.HAL_SPI_TransmitReceive  stm32f4xx_hal_spi.o
    0x08022b96   0x08022b96   0x00000028   Code   RO         1389    i.HAL_SYSTICK_Config  stm32f4xx_hal_cortex.o
    0x08022bbe   0x08022bbe   0x00000002   Code   RO         3701    i.HAL_TIMEx_BreakCallback  stm32f4xx_hal_tim_ex.o
    0x08022bc0   0x08022bc0   0x00000002   Code   RO         3702    i.HAL_TIMEx_CommutCallback  stm32f4xx_hal_tim_ex.o
    0x08022bc2   0x08022bc2   0x0000005a   Code   RO         2997    i.HAL_TIM_Base_Init  stm32f4xx_hal_tim.o
    0x08022c1c   0x08022c1c   0x00000002   Code   RO         2999    i.HAL_TIM_Base_MspInit  stm32f4xx_hal_tim.o
    0x08022c1e   0x08022c1e   0x00000002   PAD
    0x08022c20   0x08022c20   0x00000080   Code   RO         3002    i.HAL_TIM_Base_Start_IT  stm32f4xx_hal_tim.o
    0x08022ca0   0x08022ca0   0x00000002   Code   RO         3031    i.HAL_TIM_IC_CaptureCallback  stm32f4xx_hal_tim.o
    0x08022ca2   0x08022ca2   0x00000166   Code   RO         3045    i.HAL_TIM_IRQHandler  stm32f4xx_hal_tim.o
    0x08022e08   0x08022e08   0x00000002   Code   RO         3048    i.HAL_TIM_OC_DelayElapsedCallback  stm32f4xx_hal_tim.o
    0x08022e0a   0x08022e0a   0x00000002   Code   RO         3075    i.HAL_TIM_PWM_PulseFinishedCallback  stm32f4xx_hal_tim.o
    0x08022e0c   0x08022e0c   0x00000014   Code   RO           14    i.HAL_TIM_PeriodElapsedCallback  main.o
    0x08022e20   0x08022e20   0x00000002   Code   RO         3088    i.HAL_TIM_TriggerCallback  stm32f4xx_hal_tim.o
    0x08022e22   0x08022e22   0x00000062   Code   RO         3997    i.HAL_UART_Init     stm32f4xx_hal_uart.o
    0x08022e84   0x08022e84   0x00000064   Code   RO         6440    i.HAL_UART_MspDeInit  usart.o
    0x08022ee8   0x08022ee8   0x000000e8   Code   RO         6441    i.HAL_UART_MspInit  usart.o
    0x08022fd0   0x08022fd0   0x000000b2   Code   RO         4005    i.HAL_UART_Transmit  stm32f4xx_hal_uart.o
    0x08023082   0x08023082   0x00000002   PAD
    0x08023084   0x08023084   0x00000048   Code   RO         6219    i.MX_CAN1_Init      can.o
    0x080230cc   0x080230cc   0x00000048   Code   RO         6220    i.MX_CAN2_Init      can.o
    0x08023114   0x08023114   0x00000170   Code   RO         6500    i.MX_GPIO_Init      gpio.o
    0x08023284   0x08023284   0x00000034   Code   RO         6268    i.MX_RTC_Init       rtc.o
    0x080232b8   0x080232b8   0x00000080   Code   RO         6823    i.MX_RT_Thread_Init  app_rt_thread.o
    0x08023338   0x08023338   0x00000048   Code   RO         6352    i.MX_SPI1_Init      spi.o
    0x08023380   0x08023380   0x00000048   Code   RO         6353    i.MX_SPI2_Init      spi.o
    0x080233c8   0x080233c8   0x00000038   Code   RO         6442    i.MX_USART1_UART_Init  usart.o
    0x08023400   0x08023400   0x00000038   Code   RO         6443    i.MX_USART2_UART_Init  usart.o
    0x08023438   0x08023438   0x00000038   Code   RO         6444    i.MX_USART3_UART_Init  usart.o
    0x08023470   0x08023470   0x00000030   Code   RO         6445    i.MX_USARTx_UART_Init  usart.o
    0x080234a0   0x080234a0   0x00000038   Code   RO         6400    i.MX_USB_OTG_FS_PCD_Init  usb_otg.o
    0x080234d8   0x080234d8   0x00000002   Code   RO          261    i.MemManage_Handler  stm32f4xx_it.o
    0x080234da   0x080234da   0x00000002   Code   RO          262    i.NMI_Handler       stm32f4xx_it.o
    0x080234dc   0x080234dc   0x00000048   Code   RO         1790    i.RTC_EnterInitMode  stm32f4xx_hal_rtc.o
    0x08023524   0x08023524   0x0000002a   Code   RO         1791    i.RTC_ExitInitMode  stm32f4xx_hal_rtc.o
    0x0802354e   0x0802354e   0x00000002   PAD
    0x08023550   0x08023550   0x00000058   Code   RO         2722    i.SPI_EndRxTxTransaction  stm32f4xx_hal_spi.o
    0x080235a8   0x080235a8   0x000000b8   Code   RO         2727    i.SPI_WaitFlagStateUntilTimeout  stm32f4xx_hal_spi.o
    0x08023660   0x08023660   0x00000012   Code   RO         5908    i.SysTick_Handler   board.o
    0x08023672   0x08023672   0x00000002   PAD
    0x08023674   0x08023674   0x0000009c   Code   RO           15    i.SystemClock_Config  main.o
    0x08023710   0x08023710   0x0000007c   Code   RO         4910    i.SystemCoreClockUpdate  system_stm32f4xx.o
    0x0802378c   0x0802378c   0x00000010   Code   RO         4911    i.SystemInit        system_stm32f4xx.o
    0x0802379c   0x0802379c   0x0000000c   Code   RO          263    i.TIM4_IRQHandler   stm32f4xx_it.o
    0x080237a8   0x080237a8   0x000000c8   Code   RO         3090    i.TIM_Base_SetConfig  stm32f4xx_hal_tim.o
    0x08023870   0x08023870   0x0000010c   Code   RO         4023    i.UART_SetConfig    stm32f4xx_hal_uart.o
    0x0802397c   0x0802397c   0x00000078   Code   RO         4026    i.UART_WaitOnFlagUntilTimeout  stm32f4xx_hal_uart.o
    0x080239f4   0x080239f4   0x00000088   Code   RO         6734    i.USART3_IRQHandler  drv_gps.o
    0x08023a7c   0x08023a7c   0x00000074   Code   RO         4610    i.USB_CoreInit      stm32f4xx_ll_usb.o
    0x08023af0   0x08023af0   0x00000040   Code   RO         4611    i.USB_CoreReset     stm32f4xx_ll_usb.o
    0x08023b30   0x08023b30   0x0000001c   Code   RO         4616    i.USB_DevDisconnect  stm32f4xx_ll_usb.o
    0x08023b4c   0x08023b4c   0x00000174   Code   RO         4617    i.USB_DevInit       stm32f4xx_ll_usb.o
    0x08023cc0   0x08023cc0   0x0000000c   Code   RO         4618    i.USB_DisableGlobalInt  stm32f4xx_ll_usb.o
    0x08023ccc   0x08023ccc   0x0000003c   Code   RO         4628    i.USB_FlushRxFifo   stm32f4xx_ll_usb.o
    0x08023d08   0x08023d08   0x00000040   Code   RO         4629    i.USB_FlushTxFifo   stm32f4xx_ll_usb.o
    0x08023d48   0x08023d48   0x0000005c   Code   RO         4647    i.USB_SetCurrentMode  stm32f4xx_ll_usb.o
    0x08023da4   0x08023da4   0x00000002   Code   RO          264    i.UsageFault_Handler  stm32f4xx_it.o
    0x08023da6   0x08023da6   0x00000020   Code   RO         1391    i.__NVIC_SetPriority  stm32f4xx_hal_cortex.o
    0x08023dc6   0x08023dc6   0x00000002   PAD
    0x08023dc8   0x08023dc8   0x00000044   Code   RO         5198    i.__rt_ffs          kservice.o
    0x08023e0c   0x08023e0c   0x0000009c   Code   RO         6067    i._msh_exec_cmd     msh.o
    0x08023ea8   0x08023ea8   0x00000080   Code   RO         5616    i._rt_thread_init   thread.o
    0x08023f28   0x08023f28   0x0000001c   Code   RO         5746    i._rt_timer_init    timer.o
    0x08023f44   0x08023f44   0x00000006   Code   RO         5747    i._rt_timer_remove  timer.o
    0x08023f4a   0x08023f4a   0x0000001c   Code   RO         5617    i._thread_cleanup_execute  thread.o
    0x08023f66   0x08023f66   0x00000002   PAD
    0x08023f68   0x08023f68   0x000000e8   Code   RO         5843    i.bus_fault_track   cpuport.o
    0x08024050   0x08024050   0x0000000a   Code   RO         6068    i.cmd_free          msh.o
    0x0802405a   0x0802405a   0x0000000a   Code   RO         6069    i.cmd_ps            msh.o
    0x08024064   0x08024064   0x0000000e   Code   RO         6524    i.driver_init       drv_config.o
    0x08024072   0x08024072   0x00000002   PAD
    0x08024074   0x08024074   0x00000068   Code   RO         6525    i.drv_gps_init      drv_config.o
    0x080240dc   0x080240dc   0x00000020   Code   RO         6526    i.drv_mcp2515_init  drv_config.o
    0x080240fc   0x080240fc   0x00000060   Code   RO         6135    i.finsh_get_prompt  shell.o
    0x0802415c   0x0802415c   0x00000014   Code   RO         6139    i.finsh_set_prompt_mode  shell.o
    0x08024170   0x08024170   0x0000000c   Code   RO         6140    i.finsh_system_function_init  shell.o
    0x0802417c   0x0802417c   0x00000094   Code   RO         6141    i.finsh_system_init  shell.o
    0x08024210   0x08024210   0x0000028c   Code   RO         6143    i.finsh_thread_entry  shell.o
    0x0802449c   0x0802449c   0x00000034   Code   RO         6824    i.gps_th_entry      app_rt_thread.o
    0x080244d0   0x080244d0   0x00000078   Code   RO         5844    i.hard_fault_track  cpuport.o
    0x08024548   0x08024548   0x00000020   Code   RO         5968    i.hello             cmd.o
    0x08024568   0x08024568   0x0000002c   Code   RO         6825    i.led_task_entry    app_rt_thread.o
    0x08024594   0x08024594   0x00000064   Code   RO         5969    i.list              cmd.o
    0x080245f8   0x080245f8   0x00000024   Code   RO         5970    i.list_find_init    cmd.o
    0x0802461c   0x0802461c   0x00000066   Code   RO         5971    i.list_get_next     cmd.o
    0x08024682   0x08024682   0x00000002   PAD
    0x08024684   0x08024684   0x0000006c   Code   RO         5372    i.list_mem          mem.o
    0x080246f0   0x080246f0   0x00000140   Code   RO         5972    i.list_sem          cmd.o
    0x08024830   0x08024830   0x000001b8   Code   RO         5973    i.list_thread       cmd.o
    0x080249e8   0x080249e8   0x00000140   Code   RO         5974    i.list_timer        cmd.o
    0x08024b28   0x08024b28   0x0000003a   Code   RO           16    i.main              main.o
    0x08024b62   0x08024b62   0x0000000e   Code   RO         4997    i.main_thread_entry  components.o
    0x08024b70   0x08024b70   0x000000d8   Code   RO         5845    i.mem_manage_fault_track  cpuport.o
    0x08024c48   0x08024c48   0x000000ac   Code   RO         6070    i.msh_auto_complete  msh.o
    0x08024cf4   0x08024cf4   0x00000064   Code   RO         6071    i.msh_exec          msh.o
    0x08024d58   0x08024d58   0x00000078   Code   RO         6072    i.msh_help          msh.o
    0x08024dd0   0x08024dd0   0x00000004   Code   RO         6073    i.msh_is_used       msh.o
    0x08024dd4   0x08024dd4   0x000000d0   Code   RO         6074    i.msh_split         msh.o
    0x08024ea4   0x08024ea4   0x00000018   Code   RO         5975    i.object_split      cmd.o
    0x08024ebc   0x08024ebc   0x00000054   Code   RO         5373    i.plug_holes        mem.o
    0x08024f10   0x08024f10   0x00000130   Code   RO         5200    i.print_number      kservice.o
    0x08025040   0x08025040   0x0000002c   Code   RO         4998    i.rt_application_init  components.o
    0x0802506c   0x0802506c   0x0000001a   Code   RO         5374    i.rt_calloc         mem.o
    0x08025086   0x08025086   0x00000002   PAD
    0x08025088   0x08025088   0x0000001c   Code   RO         4999    i.rt_components_board_init  components.o
    0x080250a4   0x080250a4   0x0000001c   Code   RO         5000    i.rt_components_init  components.o
    0x080250c0   0x080250c0   0x0000001c   Code   RO         5549    i.rt_enter_critical  scheduler.o
    0x080250dc   0x080250dc   0x00000038   Code   RO         5550    i.rt_exit_critical  scheduler.o
    0x08025114   0x08025114   0x000000c4   Code   RO         5375    i.rt_free           mem.o
    0x080251d8   0x080251d8   0x00000008   Code   RO         5909    i.rt_heap_begin_get  board.o
    0x080251e0   0x080251e0   0x00000008   Code   RO         5910    i.rt_heap_end_get   board.o
    0x080251e8   0x080251e8   0x00000036   Code   RO         5911    i.rt_hw_board_init  board.o
    0x0802521e   0x0802521e   0x00000002   PAD
    0x08025220   0x08025220   0x00000028   Code   RO         5912    i.rt_hw_console_getchar  board.o
    0x08025248   0x08025248   0x00000048   Code   RO         5913    i.rt_hw_console_output  board.o
    0x08025290   0x08025290   0x00000218   Code   RO         5849    i.rt_hw_hard_fault_exception  cpuport.o
    0x080254a8   0x080254a8   0x0000003c   Code   RO         5850    i.rt_hw_stack_init  cpuport.o
    0x080254e4   0x080254e4   0x0000001c   Code   RO         5171    i.rt_interrupt_enter  irq.o
    0x08025500   0x08025500   0x0000001c   Code   RO         5173    i.rt_interrupt_leave  irq.o
    0x0802551c   0x0802551c   0x00000020   Code   RO         5204    i.rt_kprintf        kservice.o
    0x0802553c   0x0802553c   0x0000000e   Code   RO         5461    i.rt_list_insert_after  object.o
    0x0802554a   0x0802554a   0x0000000e   Code   RO         5618    i.rt_list_insert_after  thread.o
    0x08025558   0x08025558   0x0000000e   Code   RO         5748    i.rt_list_insert_after  timer.o
    0x08025566   0x08025566   0x0000000e   Code   RO         5105    i.rt_list_insert_before  ipc.o
    0x08025574   0x08025574   0x00000012   Code   RO         5976    i.rt_list_len       cmd.o
    0x08025586   0x08025586   0x00000012   Code   RO         5462    i.rt_list_remove    object.o
    0x08025598   0x08025598   0x00000012   Code   RO         5619    i.rt_list_remove    thread.o
    0x080255aa   0x080255aa   0x00000012   Code   RO         5749    i.rt_list_remove    timer.o
    0x080255bc   0x080255bc   0x000000f0   Code   RO         5376    i.rt_malloc         mem.o
    0x080256ac   0x080256ac   0x00000032   Code   RO         5209    i.rt_memmove        kservice.o
    0x080256de   0x080256de   0x00000002   PAD
    0x080256e0   0x080256e0   0x00000046   Code   RO         5210    i.rt_memset         kservice.o
    0x08025726   0x08025726   0x00000050   Code   RO         5463    i.rt_object_allocate  object.o
    0x08025776   0x08025776   0x00000026   Code   RO         5464    i.rt_object_delete  object.o
    0x0802579c   0x0802579c   0x00000020   Code   RO         5465    i.rt_object_detach  object.o
    0x080257bc   0x080257bc   0x00000024   Code   RO         5467    i.rt_object_get_information  object.o
    0x080257e0   0x080257e0   0x00000050   Code   RO         5471    i.rt_object_init    object.o
    0x08025830   0x08025830   0x0000000e   Code   RO         5472    i.rt_object_is_systemobject  object.o
    0x0802583e   0x0802583e   0x00000002   PAD
    0x08025840   0x08025840   0x00000058   Code   RO         5551    i.rt_schedule       scheduler.o
    0x08025898   0x08025898   0x00000050   Code   RO         5552    i.rt_schedule_insert_thread  scheduler.o
    0x080258e8   0x080258e8   0x00000048   Code   RO         5553    i.rt_schedule_remove_thread  scheduler.o
    0x08025930   0x08025930   0x00000024   Code   RO         5110    i.rt_sem_init       ipc.o
    0x08025954   0x08025954   0x0000004a   Code   RO         5111    i.rt_sem_release    ipc.o
    0x0802599e   0x0802599e   0x000000ae   Code   RO         5112    i.rt_sem_take       ipc.o
    0x08025a4c   0x08025a4c   0x000000b0   Code   RO         5212    i.rt_show_version   kservice.o
    0x08025afc   0x08025afc   0x00000010   Code   RO         5218    i.rt_strlen         kservice.o
    0x08025b0c   0x08025b0c   0x00000026   Code   RO         5220    i.rt_strncpy        kservice.o
    0x08025b32   0x08025b32   0x00000002   PAD
    0x08025b34   0x08025b34   0x000000ac   Code   RO         5379    i.rt_system_heap_init  mem.o
    0x08025be0   0x08025be0   0x00000034   Code   RO         5554    i.rt_system_scheduler_init  scheduler.o
    0x08025c14   0x08025c14   0x00000028   Code   RO         5555    i.rt_system_scheduler_start  scheduler.o
    0x08025c3c   0x08025c3c   0x0000000c   Code   RO         5750    i.rt_system_timer_init  timer.o
    0x08025c48   0x08025c48   0x00000002   Code   RO         5751    i.rt_system_timer_thread_init  timer.o
    0x08025c4a   0x08025c4a   0x00000048   Code   RO         5621    i.rt_thread_create  thread.o
    0x08025c92   0x08025c92   0x00000004   Code   RO         5622    i.rt_thread_delay   thread.o
    0x08025c96   0x08025c96   0x00000002   PAD
    0x08025c98   0x08025c98   0x0000005c   Code   RO         5626    i.rt_thread_exit    thread.o
    0x08025cf4   0x08025cf4   0x00000006   Code   RO         5069    i.rt_thread_idle_entry  idle.o
    0x08025cfa   0x08025cfa   0x00000002   PAD
    0x08025cfc   0x08025cfc   0x0000004c   Code   RO         5070    i.rt_thread_idle_excute  idle.o
    0x08025d48   0x08025d48   0x00000038   Code   RO         5072    i.rt_thread_idle_init  idle.o
    0x08025d80   0x08025d80   0x00000030   Code   RO         5628    i.rt_thread_init    thread.o
    0x08025db0   0x08025db0   0x0000000e   Code   RO         5629    i.rt_thread_mdelay  thread.o
    0x08025dbe   0x08025dbe   0x0000003c   Code   RO         5630    i.rt_thread_resume  thread.o
    0x08025dfa   0x08025dfa   0x00000002   PAD
    0x08025dfc   0x08025dfc   0x0000000c   Code   RO         5631    i.rt_thread_self    thread.o
    0x08025e08   0x08025e08   0x00000040   Code   RO         5632    i.rt_thread_sleep   thread.o
    0x08025e48   0x08025e48   0x0000002c   Code   RO         5633    i.rt_thread_startup  thread.o
    0x08025e74   0x08025e74   0x00000042   Code   RO         5634    i.rt_thread_suspend  thread.o
    0x08025eb6   0x08025eb6   0x00000020   Code   RO         5635    i.rt_thread_timeout  thread.o
    0x08025ed6   0x08025ed6   0x00000002   PAD
    0x08025ed8   0x08025ed8   0x00000060   Code   RO         5636    i.rt_thread_yield   thread.o
    0x08025f38   0x08025f38   0x00000032   Code   RO         4956    i.rt_tick_from_millisecond  clock.o
    0x08025f6a   0x08025f6a   0x00000002   PAD
    0x08025f6c   0x08025f6c   0x0000000c   Code   RO         4957    i.rt_tick_get       clock.o
    0x08025f78   0x08025f78   0x0000002c   Code   RO         4958    i.rt_tick_increase  clock.o
    0x08025fa4   0x08025fa4   0x0000008c   Code   RO         5752    i.rt_timer_check    timer.o
    0x08026030   0x08026030   0x00000048   Code   RO         5753    i.rt_timer_control  timer.o
    0x08026078   0x08026078   0x00000028   Code   RO         5756    i.rt_timer_detach   timer.o
    0x080260a0   0x080260a0   0x00000028   Code   RO         5757    i.rt_timer_init     timer.o
    0x080260c8   0x080260c8   0x00000084   Code   RO         5759    i.rt_timer_start    timer.o
    0x0802614c   0x0802614c   0x0000002e   Code   RO         5760    i.rt_timer_stop     timer.o
    0x0802617a   0x0802617a   0x00000002   PAD
    0x0802617c   0x0802617c   0x00000284   Code   RO         5223    i.rt_vsnprintf      kservice.o
    0x08026400   0x08026400   0x00000004   Code   RO         5001    i.rti_board_end     components.o
    0x08026404   0x08026404   0x00000004   Code   RO         5002    i.rti_board_start   components.o
    0x08026408   0x08026408   0x00000004   Code   RO         5003    i.rti_end           components.o
    0x0802640c   0x0802640c   0x00000004   Code   RO         5004    i.rti_start         components.o
    0x08026410   0x08026410   0x0000002a   Code   RO         5005    i.rtthread_startup  components.o
    0x0802643a   0x0802643a   0x00000028   Code   RO         5225    i.skip_atoi         kservice.o
    0x08026462   0x08026462   0x00000002   PAD
    0x08026464   0x08026464   0x00000020   Code   RO         6527    i.spi_can_send_data  drv_config.o
    0x08026484   0x08026484   0x00000010   Code   RO         6528    i.spi_set_cs_high   drv_config.o
    0x08026494   0x08026494   0x00000010   Code   RO         6529    i.spi_set_cs_low    drv_config.o
    0x080264a4   0x080264a4   0x00000034   Code   RO         5914    i.uart_init         board.o
    0x080264d8   0x080264d8   0x000000d0   Code   RO         5851    i.usage_fault_track  cpuport.o
    0x080265a8   0x080265a8   0x00000018   Code   RO         6530    i.usart_gps_disinit  drv_config.o
    0x080265c0   0x080265c0   0x0000002c   Code   RO         6531    i.usart_gps_init    drv_config.o
    0x080265ec   0x080265ec   0x0000000a   Code   RO         5977    i.version           cmd.o
    0x080265f6   0x080265f6   0x00000002   PAD
    0x080265f8   0x080265f8   0x0000002c   Code   RO         6979    locale$$code        c_w.l(lc_ctype_c.o)
    0x08026624   0x08026624   0x00000062   Code   RO         6893    x$fpl$d2f           fz_wm.l(d2f.o)
    0x08026686   0x08026686   0x00000002   PAD
    0x08026688   0x08026688   0x00000150   Code   RO         6895    x$fpl$dadd          fz_wm.l(daddsub_clz.o)
    0x080267d8   0x080267d8   0x000002b0   Code   RO         6902    x$fpl$ddiv          fz_wm.l(ddiv.o)
    0x08026a88   0x08026a88   0x00000026   Code   RO         6905    x$fpl$dfltu         fz_wm.l(dflt_clz.o)
    0x08026aae   0x08026aae   0x0000009c   Code   RO         6922    x$fpl$dnaninf       fz_wm.l(dnaninf.o)
    0x08026b4a   0x08026b4a   0x0000000c   Code   RO         6924    x$fpl$dretinf       fz_wm.l(dretinf.o)
    0x08026b56   0x08026b56   0x00000002   PAD
    0x08026b58   0x08026b58   0x000001d4   Code   RO         6897    x$fpl$dsub          fz_wm.l(daddsub_clz.o)
    0x08026d2c   0x08026d2c   0x0000000a   Code   RO         7047    x$fpl$fpinit        fz_wm.l(fpinit.o)
    0x08026d36   0x08026d36   0x0000000a   Code   RO         6926    x$fpl$fretinf       fz_wm.l(fretinf.o)
    0x08026d40   0x08026d40   0x00000000   Code   RO         6928    x$fpl$usenofp       fz_wm.l(usenofp.o)
    0x08026d40   0x08026d40   0x00000010   Data   RO         4912    .constdata          system_stm32f4xx.o
    0x08026d50   0x08026d50   0x00000008   Data   RO         4913    .constdata          system_stm32f4xx.o
    0x08026d58   0x08026d58   0x00000122   Data   RO         5227    .constdata          kservice.o
    0x08026e7a   0x08026e7a   0x00000002   PAD
    0x08026e7c   0x08026e7c   0x00000044   Data   RO         5978    .conststring        cmd.o
    0x08026ec0   0x08026ec0   0x00000009   Data   RO         5382    .rodata.name        mem.o
    0x08026ec9   0x08026ec9   0x0000001e   Data   RO         5383    .rodata.name        mem.o
    0x08026ee7   0x08026ee7   0x00000006   Data   RO         5979    .rodata.name        cmd.o
    0x08026eed   0x08026eed   0x00000010   Data   RO         5980    .rodata.name        cmd.o
    0x08026efd   0x08026efd   0x00000008   Data   RO         5981    .rodata.name        cmd.o
    0x08026f05   0x08026f05   0x00000023   Data   RO         5982    .rodata.name        cmd.o
    0x08026f28   0x08026f28   0x0000000e   Data   RO         5983    .rodata.name        cmd.o
    0x08026f36   0x08026f36   0x00000023   Data   RO         5984    .rodata.name        cmd.o
    0x08026f59   0x08026f59   0x0000000c   Data   RO         5985    .rodata.name        cmd.o
    0x08026f65   0x08026f65   0x0000000c   Data   RO         5986    .rodata.name        cmd.o
    0x08026f71   0x08026f71   0x00000012   Data   RO         5987    .rodata.name        cmd.o
    0x08026f83   0x08026f83   0x0000000c   Data   RO         5988    .rodata.name        cmd.o
    0x08026f8f   0x08026f8f   0x00000009   Data   RO         5989    .rodata.name        cmd.o
    0x08026f98   0x08026f98   0x00000019   Data   RO         5990    .rodata.name        cmd.o
    0x08026fb1   0x08026fb1   0x0000000f   Data   RO         5991    .rodata.name        cmd.o
    0x08026fc0   0x08026fc0   0x00000019   Data   RO         5992    .rodata.name        cmd.o
    0x08026fd9   0x08026fd9   0x0000000b   Data   RO         5993    .rodata.name        cmd.o
    0x08026fe4   0x08026fe4   0x00000015   Data   RO         5994    .rodata.name        cmd.o
    0x08026ff9   0x08026ff9   0x00000011   Data   RO         5995    .rodata.name        cmd.o
    0x0802700a   0x0802700a   0x00000015   Data   RO         5996    .rodata.name        cmd.o
    0x0802701f   0x0802701f   0x00000005   Data   RO         5997    .rodata.name        cmd.o
    0x08027024   0x08027024   0x0000001a   Data   RO         5998    .rodata.name        cmd.o
    0x0802703e   0x0802703e   0x0000000b   Data   RO         6075    .rodata.name        msh.o
    0x08027049   0x08027049   0x00000016   Data   RO         6076    .rodata.name        msh.o
    0x0802705f   0x0802705f   0x00000009   Data   RO         6077    .rodata.name        msh.o
    0x08027068   0x08027068   0x0000001c   Data   RO         6078    .rodata.name        msh.o
    0x08027084   0x08027084   0x0000000b   Data   RO         6079    .rodata.name        msh.o
    0x0802708f   0x0802708f   0x00000025   Data   RO         6080    .rodata.name        msh.o
    0x080270b4   0x080270b4   0x00000004   Data   RO         5006    .rti_fn.0           components.o
    0x080270b8   0x080270b8   0x00000004   Data   RO         5007    .rti_fn.0.end       components.o
    0x080270bc   0x080270bc   0x00000004   Data   RO         5916    .rti_fn.1           board.o
    0x080270c0   0x080270c0   0x00000004   Data   RO         5008    .rti_fn.1.end       components.o
    0x080270c4   0x080270c4   0x00000004   Data   RO         6146    .rti_fn.6           shell.o
    0x080270c8   0x080270c8   0x00000004   Data   RO         5009    .rti_fn.6.end       components.o
    0x080270cc   0x080270cc   0x0000000c   Data   RO         5384    FSymTab             mem.o
    0x080270d8   0x080270d8   0x00000078   Data   RO         5999    FSymTab             cmd.o
    0x08027150   0x08027150   0x00000024   Data   RO         6081    FSymTab             msh.o
    0x08027174   0x08027174   0x00000020   Data   RO         7105    Region$$Table       anon$$obj.o
    0x08027194   0x08027194   0x00000110   Data   RO         6978    locale$$data        c_w.l(lc_ctype_c.o)


    Execution Region RW_IRAM2 (Exec base: 0x10000000, Load base: 0x08027370, Size: 0x00000000, Max: 0x00010000, ABSOLUTE)

    **** No section assigned to this execution region ****


    Execution Region RW_IRAM1 (Exec base: 0x20000000, Load base: 0x080272a4, Size: 0x000050d0, Max: 0x00020000, ABSOLUTE)

    Exec Addr    Load Addr    Size         Type   Attr      Idx    E Section Name        Object

    0x20000000   0x080272a4   0x0000000c   Data   RW         1535    .data               stm32f4xx_hal.o
    0x2000000c   0x080272b0   0x00000004   Data   RW         4914    .data               system_stm32f4xx.o
    0x20000010   0x080272b4   0x00000004   Data   RW         4960    .data               clock.o
    0x20000014   0x080272b8   0x00000001   Data   RW         5174    .data               irq.o
    0x20000015   0x080272b9   0x00000003   PAD
    0x20000018   0x080272bc   0x00000018   Data   RW         5381    .data               mem.o
    0x20000030   0x080272d4   0x00000030   Data   RW         5474    .data               object.o
    0x20000060   0x08027304   0x00000014   Data   RW         5557    .data               scheduler.o
    0x20000074   0x08027318   0x0000000c   Data   RW         5761    .data               timer.o
    0x20000080   0x08027324   0x00000004   Data   RW         5852    .data               cpuport.o
    0x20000084   0x08027328   0x00000004   Data   RW         5853    .data               cpuport.o
    0x20000088   0x0802732c   0x00000004   Data   RW         5854    .data               cpuport.o
    0x2000008c   0x08027330   0x00000004   Data   RW         5855    .data               cpuport.o
    0x20000090   0x08027334   0x00000018   Data   RW         6145    .data               shell.o
    0x200000a8   0x0802734c   0x00000004   Data   RW         6222    .data               can.o
    0x200000ac   0x08027350   0x00000018   Data   RW         6736    .data               drv_gps.o
    0x200000c4   0x08027368   0x00000008   Data   RW         6827    .data               app_rt_thread.o
    0x200000cc        -       0x00000048   Zero   RW          364    .bss                stm32f4xx_hal_timebase_tim.o
    0x20000114        -       0x00000178   Zero   RW         5073    .bss                idle.o
    0x2000028c        -       0x00000080   Zero   RW         5226    .bss                kservice.o
    0x2000030c        -       0x00000020   Zero   RW         5380    .bss                mem.o
    0x2000032c        -       0x00000100   Zero   RW         5556    .bss                scheduler.o
    0x2000042c        -       0x00003c44   Zero   RW         5915    .bss                board.o
    0x20004070        -       0x00000081   Zero   RW         6144    .bss                shell.o
    0x200040f1   0x08027370   0x00000003   PAD
    0x200040f4        -       0x00000050   Zero   RW         6221    .bss                can.o
    0x20004144        -       0x00000020   Zero   RW         6269    .bss                rtc.o
    0x20004164        -       0x000000b0   Zero   RW         6354    .bss                spi.o
    0x20004214        -       0x0000050c   Zero   RW         6401    .bss                usb_otg.o
    0x20004720        -       0x000000cc   Zero   RW         6446    .bss                usart.o
    0x200047ec        -       0x0000000c   Zero   RW         6621    .bss                drv_mcp2515.o
    0x200047f8        -       0x00000121   Zero   RW         6735    .bss                drv_gps.o
    0x20004919   0x08027370   0x00000007   PAD
    0x20004920        -       0x00000150   Zero   RW         6826    .bss                app_rt_thread.o
    0x20004a70        -       0x00000060   Zero   RW         6967    .bss                c_w.l(libspace.o)
    0x20004ad0        -       0x00000200   Zero   RW            2    HEAP                startup_stm32f405xx.o
    0x20004cd0        -       0x00000400   Zero   RW            1    STACK               startup_stm32f405xx.o


==============================================================================

Image component sizes


      Code (inc. data)   RO Data    RW Data    ZI Data      Debug   Object Name

       224         50          0          8        336       2531   app_rt_thread.o
       252         30          4          0      15428       5516   board.o
       436         38          0          4         80       2642   can.o
       106         12          0          4          0       2076   clock.o
      1402        532        531          0          0      14108   cmd.o
       182         28         16          0          0       6798   components.o
       308         28          0          0          0        896   context_rvds.o
      1372        736          0         16          0       7118   cpuport.o
       282         66          0          0          0       4444   drv_config.o
      1924        252          0         24        289       9005   drv_gps.o
         0          0          0          0         12       4038   drv_mcp2515.o
       368         18          0          0          0       1191   gpio.o
       138         22          0          0        376       5462   idle.o
       298          0          0          0          0       6845   ipc.o
        56         12          0          1          0       1926   irq.o
      1438        158        290          0        128      11865   kservice.o
       238         14          0          0          0     688696   main.o
       826        248         51         24         32       5919   mem.o
       780        162        154          0          0       8592   msh.o
       312          6          0         48          0       9168   object.o
       108         16          0          0         32       1667   rtc.o
       416         56          0         20        256       8926   scheduler.o
       928        136          4         24        129      10920   shell.o
       320         42          0          0        176       2514   spi.o
        64         26        392          0       1536        848   startup_stm32f405xx.o
       116         18          0         12          0       8882   stm32f4xx_hal.o
       816          0          0          0          0      10327   stm32f4xx_hal_can.o
       232         14          0          0          0      34689   stm32f4xx_hal_cortex.o
       866         86          0          0          0       3286   stm32f4xx_hal_gpio.o
        48          6          0          0          0        954   stm32f4xx_hal_msp.o
       226          0          0          0          0       1871   stm32f4xx_hal_pcd.o
      1424         92          0          0          0       6549   stm32f4xx_hal_rcc.o
       316         20          0          0          0       1524   stm32f4xx_hal_rcc_ex.o
       308          4          0          0          0       3711   stm32f4xx_hal_rtc.o
       942         12          0          0          0       5065   stm32f4xx_hal_spi.o
       786         72          0          0          0       7540   stm32f4xx_hal_tim.o
         4          0          0          0          0       1741   stm32f4xx_hal_tim_ex.o
       152         20          0          0         72       1619   stm32f4xx_hal_timebase_tim.o
       664         10          0          0          0       4352   stm32f4xx_hal_uart.o
        70         30          0          0          0       4729   stm32f4xx_it.o
       808         32          0          0          0       7569   stm32f4xx_ll_usb.o
       140         24         24          4          0       2019   system_stm32f4xx.o
       792         44          0          0          0      14433   thread.o
       550         20          0         12          0      12096   timer.o
       548         90          0          0        204       4383   usart.o
       172         14          0          0       1292       1873   usb_otg.o

    ----------------------------------------------------------------------
     22810       3296       1500        204      20388     962923   Object Totals
         0          0         32          0          0          0   (incl. Generated)
        52          0          2          3         10          0   (incl. Padding)

    ----------------------------------------------------------------------

      Code (inc. data)   RO Data    RW Data    ZI Data      Debug   Library Member Name

        60          8          0          0          0         84   __0sscanf.o
         8          0          0          0          0         68   __main.o
         0          0          0          0          0          0   __rtentry.o
        12          0          0          0          0          0   __rtentry2.o
         6          0          0          0          0          0   __rtentry4.o
        52          8          0          0          0          0   __scatter.o
        26          0          0          0          0          0   __scatter_copy.o
        28          0          0          0          0          0   __scatter_zi.o
        28          0          0          0          0         68   _chval.o
       884          4          0          0          0        100   _scanf.o
       332          0          0          0          0         96   _scanf_int.o
        64          0          0          0          0         84   _sgetc.o
        18          0          0          0          0         80   exit.o
         6          0          0          0          0        152   heapauxi.o
         0          0          0          0          0          0   indicate_semi.o
        18          0          0          0          0         76   isspace.o
        44         10        272          0          0         76   lc_ctype_c.o
         2          0          0          0          0          0   libinit.o
        24          0          0          0          0          0   libinit2.o
         2          0          0          0          0          0   libshutdown.o
         2          0          0          0          0          0   libshutdown2.o
         8          4          0          0         96         68   libspace.o
       238          0          0          0          0        100   lludivv7m.o
        16          4          0          0          0         76   rt_ctype_table.o
         8          4          0          0          0         68   rt_locale_intlibspace.o
        68          0          0          0          0         68   rt_memclr.o
        78          0          0          0          0         80   rt_memclr_w.o
       138          0          0          0          0         68   rt_memcpy_v6.o
       100          0          0          0          0         80   rt_memcpy_w.o
         2          0          0          0          0          0   rtexit.o
        10          0          0          0          0          0   rtexit2.o
        44          8          0          0          0         84   scanf_char.o
        24          0          0          0          0         68   strcat.o
       128          0          0          0          0         68   strcmpv7m.o
        72          0          0          0          0         80   strcpy.o
        62          0          0          0          0         76   strlen.o
       150          0          0          0          0         80   strncmp.o
        86          0          0          0          0         76   strncpy.o
        12          4          0          0          0         68   sys_exit.o
        74          0          0          0          0         80   sys_stackheap_outer.o
         2          0          0          0          0         68   use_no_semi.o
        98          4          0          0          0        140   d2f.o
       804         16          0          0          0        368   daddsub_clz.o
       688        140          0          0          0        256   ddiv.o
        38          0          0          0          0        116   dflt_clz.o
       156          4          0          0          0        140   dnaninf.o
        12          0          0          0          0        116   dretinf.o
        10          0          0          0          0        116   fpinit.o
        10          0          0          0          0        116   fretinf.o
         0          0          0          0          0          0   usenofp.o

    ----------------------------------------------------------------------
      4766        218        272          0         96       3608   Library Totals
        14          0          0          0          0          0   (incl. Padding)

    ----------------------------------------------------------------------

      Code (inc. data)   RO Data    RW Data    ZI Data      Debug   Library Name

      2936         54        272          0         96       2240   c_w.l
      1816        164          0          0          0       1368   fz_wm.l

    ----------------------------------------------------------------------
      4766        218        272          0         96       3608   Library Totals

    ----------------------------------------------------------------------

==============================================================================


      Code (inc. data)   RO Data    RW Data    ZI Data      Debug   

     27576       3514       1772        204      20484     941283   Grand Totals
     27576       3514       1772        204      20484     941283   ELF Image Totals
     27576       3514       1772        204          0          0   ROM Totals

==============================================================================

    Total RO  Size (Code + RO Data)                29348 (  28.66kB)
    Total RW  Size (RW Data + ZI Data)             20688 (  20.20kB)
    Total ROM Size (Code + RO Data + RW Data)      29552 (  28.86kB)

==============================================================================

